2025-10-12 04:47:29,853 [INFO] Activator:176 - 


2025-10-12 04:47:29,854 [INFO] Activator:177 - !SESSION log4j initialized
2025-10-12 04:47:31,371 [INFO] LogOutputStream:77 - [STDOUT_REDIRECT] 
2025-10-12 04:47:37,452 [INFO] ApplicationProperties:184 - Using Application install path: C:\ST\STM32CubeIDE_1.15.1\STM32CubeIDE\plugins\com.st.stm32cube.common.mx_6.11.1.202404110753
2025-10-12 04:47:37,461 [INFO] DbMcusXml:78 - Set database path to: C:\ST\STM32CubeIDE_1.15.1\STM32CubeIDE\plugins\com.st.stm32cube.common.mx_6.11.1.202404110753\\db\/mcu/
2025-10-12 04:47:37,461 [INFO] ApiDb:274 - Set plugin database path to: C:\ST\STM32CubeIDE_1.15.1\STM32CubeIDE\plugins\com.st.stm32cube.common.mx_6.11.1.202404110753\\db\/plugins/boardmanager/
2025-10-12 04:47:37,462 [WARN] ApiDb:259 - Overriding images path with different value:  => C:\ST\STM32CubeIDE_1.15.1\STM32CubeIDE\plugins\com.st.stm32cube.common.mx_6.11.1.202404110753\\db\/plugins/mcufinder/images/
2025-10-12 04:47:37,465 [INFO] ApiDb:250 - Set database path to: C:\Users\aytahiru\.stmcufinder\plugins\mcufinder//mcu/
2025-10-12 04:47:37,465 [INFO] DbMcusAds:125 - Set database path to: C:\Users\aytahiru\.stmcufinder\plugins\mcufinder//mcu/
2025-10-12 04:47:37,466 [INFO] CrossReferenceDbSqlite:203 - Set database path to: C:\Users\aytahiru\.stmcufinder\plugins\mcufinder//mcu/cs/
2025-10-12 04:47:37,543 [INFO] RulesReader:64 - Compatibility file has been processed (297 Rules)
2025-10-12 04:47:37,629 [INFO] DbMcusXml:78 - Set database path to: C:\ST\STM32CubeIDE_1.15.1\STM32CubeIDE\plugins\com.st.stm32cube.common.mx_6.11.1.202404110753\\db\/mcu/
2025-10-12 04:47:37,629 [INFO] ApiDb:274 - Set plugin database path to: C:\ST\STM32CubeIDE_1.15.1\STM32CubeIDE\plugins\com.st.stm32cube.common.mx_6.11.1.202404110753\\db\/plugins/boardmanager/
2025-10-12 04:47:37,629 [INFO] ApiDb:261 - Set plugin images path to: C:\ST\STM32CubeIDE_1.15.1\STM32CubeIDE\plugins\com.st.stm32cube.common.mx_6.11.1.202404110753\\db\/plugins/mcufinder/images/
2025-10-12 04:47:37,630 [WARN] DbFile:41 - Overriding database path with different value: C:\Users\aytahiru\.stmcufinder\plugins\mcufinder/ => C:\Users\aytahiru\.stmcufinder\plugins\mcufinder
2025-10-12 04:47:37,630 [INFO] ApiDb:250 - Set database path to: C:\Users\aytahiru\.stmcufinder\plugins\mcufinder//mcu/
2025-10-12 04:47:37,630 [WARN] DbFile:41 - Overriding database path with different value: C:\Users\aytahiru\.stmcufinder\plugins\mcufinder/ => C:\Users\aytahiru\.stmcufinder\plugins\mcufinder
2025-10-12 04:47:37,630 [INFO] DbMcusAds:125 - Set database path to: C:\Users\aytahiru\.stmcufinder\plugins\mcufinder//mcu/
2025-10-12 04:47:37,630 [WARN] DbFile:41 - Overriding database path with different value: C:\Users\aytahiru\.stmcufinder\plugins\mcufinder/ => C:\Users\aytahiru\.stmcufinder\plugins\mcufinder
2025-10-12 04:47:37,630 [WARN] DbFile:41 - Overriding database path with different value: C:\Users\aytahiru\.stmcufinder\plugins\mcufinder/ => C:\Users\aytahiru\.stmcufinder\plugins\mcufinder
2025-10-12 04:47:37,630 [INFO] CrossReferenceDbSqlite:203 - Set database path to: C:\Users\aytahiru\.stmcufinder\plugins\mcufinder//mcu/cs/
2025-10-12 04:47:37,671 [INFO] MainPanel:264 - HeapMemory: 268435456
2025-10-12 04:47:37,707 [INFO] DbMcusXml:78 - Set database path to: C:\ST\STM32CubeIDE_1.15.1\STM32CubeIDE\plugins\com.st.stm32cube.common.mx_6.11.1.202404110753\\db\/mcu/
2025-10-12 04:47:37,707 [INFO] ApiDb:274 - Set plugin database path to: C:\ST\STM32CubeIDE_1.15.1\STM32CubeIDE\plugins\com.st.stm32cube.common.mx_6.11.1.202404110753\\db\/plugins/boardmanager/
2025-10-12 04:47:37,707 [INFO] ApiDb:261 - Set plugin images path to: C:\ST\STM32CubeIDE_1.15.1\STM32CubeIDE\plugins\com.st.stm32cube.common.mx_6.11.1.202404110753\\db\/plugins/mcufinder/images/
2025-10-12 04:47:37,707 [WARN] DbFile:41 - Overriding database path with different value: C:\Users\aytahiru\.stmcufinder\plugins\mcufinder/ => C:\Users\aytahiru\.stmcufinder\plugins\mcufinder
2025-10-12 04:47:37,707 [INFO] ApiDb:250 - Set database path to: C:\Users\aytahiru\.stmcufinder\plugins\mcufinder//mcu/
2025-10-12 04:47:37,707 [WARN] DbFile:41 - Overriding database path with different value: C:\Users\aytahiru\.stmcufinder\plugins\mcufinder/ => C:\Users\aytahiru\.stmcufinder\plugins\mcufinder
2025-10-12 04:47:37,707 [INFO] DbMcusAds:125 - Set database path to: C:\Users\aytahiru\.stmcufinder\plugins\mcufinder//mcu/
2025-10-12 04:47:37,707 [WARN] DbFile:41 - Overriding database path with different value: C:\Users\aytahiru\.stmcufinder\plugins\mcufinder/ => C:\Users\aytahiru\.stmcufinder\plugins\mcufinder
2025-10-12 04:47:37,707 [WARN] DbFile:41 - Overriding database path with different value: C:\Users\aytahiru\.stmcufinder\plugins\mcufinder/ => C:\Users\aytahiru\.stmcufinder\plugins\mcufinder
2025-10-12 04:47:37,708 [INFO] CrossReferenceDbSqlite:203 - Set database path to: C:\Users\aytahiru\.stmcufinder\plugins\mcufinder//mcu/cs/
2025-10-12 04:47:37,717 [INFO] ApplicationProperties:184 - Using Application install path: C:\ST\STM32CubeIDE_1.15.1\STM32CubeIDE\plugins\com.st.stm32cube.common.mx_6.11.1.202404110753
2025-10-12 04:47:37,718 [INFO] PluginManage:196 - Search for loadable plugins [exclusion list=, ]
2025-10-12 04:47:37,718 [INFO] PluginManage:310 - Check plugin analytics
2025-10-12 04:47:42,804 [INFO] AnalyticsPlugin:253 - Accepted Software Licenses: 
2025-10-12 04:47:42,805 [INFO] AnalyticsPlugin:255 - Accepted CMSIS Pack Licenses: 
2025-10-12 04:47:42,805 [INFO] AnalyticsPlugin:257 - Accepted Firmware Licenses: 
2025-10-12 04:47:42,807 [INFO] PluginManage:359 - Loaded plugin analytics (category:tool,tabindex:-1)
2025-10-12 04:47:42,807 [INFO] PluginManage:310 - Check plugin cadmodel
2025-10-12 04:47:42,810 [INFO] CADModel:105 - Init CAD model plugin
2025-10-12 04:47:42,810 [INFO] PluginManage:359 - Loaded plugin cadmodel (category:power,tabindex:5)
2025-10-12 04:47:42,810 [INFO] PluginManage:310 - Check plugin clock
2025-10-12 04:47:42,818 [INFO] PluginManage:359 - Loaded plugin clock (category:base,tabindex:2)
2025-10-12 04:47:42,819 [INFO] PluginManage:310 - Check plugin ddr
2025-10-12 04:47:42,821 [INFO] PluginManage:359 - Loaded plugin ddr (category:tool,tabindex:6)
2025-10-12 04:47:42,821 [INFO] PluginManage:310 - Check plugin filemanager
2025-10-12 04:47:42,932 [INFO] PluginManage:359 - Loaded plugin filemanager (category:base,tabindex:10)
2025-10-12 04:47:42,932 [INFO] PluginManage:310 - Check plugin ipmanager
2025-10-12 04:47:42,936 [INFO] PluginManage:359 - Loaded plugin ipmanager (category:base,tabindex:5)
2025-10-12 04:47:42,936 [INFO] PluginManage:310 - Check plugin lpbam
2025-10-12 04:47:42,942 [INFO] PluginManage:359 - Loaded plugin lpbam (category:base,tabindex:0)
2025-10-12 04:47:42,943 [INFO] PluginManage:310 - Check plugin memorymap
2025-10-12 04:47:42,950 [INFO] PluginManage:359 - Loaded plugin memorymap (category:base,tabindex:4)
2025-10-12 04:47:42,950 [INFO] PluginManage:310 - Check plugin pinoutandconfiguration
2025-10-12 04:47:42,954 [INFO] PluginManage:359 - Loaded plugin pinoutandconfiguration (category:base,tabindex:1)
2025-10-12 04:47:42,954 [INFO] PluginManage:310 - Check plugin pinoutconfig
2025-10-12 04:47:43,011 [WARN] SupportedApi:132 - Cannot load RTOS API schema: s4s-elt-must-match.1: The content of 'definitions' must match (annotation?, (simpleType | complexType)?, (unique | key | keyref)*)). A problem was found starting at: attribute.
2025-10-12 04:47:43,093 [INFO] PluginManage:359 - Loaded plugin pinoutconfig (category:base,tabindex:0)
2025-10-12 04:47:43,093 [INFO] PluginManage:310 - Check plugin power
2025-10-12 04:47:43,099 [INFO] PluginManage:359 - Loaded plugin power (category:power,tabindex:4)
2025-10-12 04:47:43,100 [INFO] PluginManage:310 - Check plugin projectmanager
2025-10-12 04:47:43,110 [INFO] PluginManage:359 - Loaded plugin projectmanager (category:projectmanager,tabindex:3)
2025-10-12 04:47:43,110 [INFO] PluginManage:310 - Check plugin thirdparty
2025-10-12 04:47:43,190 [INFO] PluginManage:359 - Loaded plugin thirdparty (category:base,tabindex:-1)
2025-10-12 04:47:43,190 [INFO] PluginManage:310 - Check plugin tools
2025-10-12 04:47:43,190 [WARN] IntegrityCheckThread:84 - waiting for thirdparty lock release [integrity check]
2025-10-12 04:47:43,190 [INFO] IntegrityCheckThread:86 - entering critical section [integrity check]
2025-10-12 04:47:43,190 [INFO] ThirdPartyUpdaterWithRetryManager:70 - Updater plugin not ready yet. [1/15]
2025-10-12 04:47:43,192 [INFO] PluginManage:359 - Loaded plugin tools (category:base,tabindex:7)
2025-10-12 04:47:43,192 [INFO] PluginManage:310 - Check plugin tutovideos
2025-10-12 04:47:43,286 [INFO] PluginManage:359 - Loaded plugin tutovideos (category:base,tabindex:-1)
2025-10-12 04:47:43,286 [INFO] PluginManage:310 - Check plugin updater
2025-10-12 04:47:43,292 [INFO] PluginManage:359 - Loaded plugin updater (category:base,tabindex:12)
2025-10-12 04:47:43,292 [INFO] PluginManage:310 - Check plugin userauth
2025-10-12 04:47:43,295 [INFO] UserAuth:114 - Init User Auth plugin
2025-10-12 04:47:43,295 [INFO] PluginManage:359 - Loaded plugin userauth (category:base,tabindex:14)
2025-10-12 04:47:43,295 [INFO] PluginManage:283 - PluginManage : Loaded plugins [17]
2025-10-12 04:47:43,422 [INFO] PinOutPanel:1561 - setPackage(No Configuration,No Configuration)
2025-10-12 04:47:43,465 [INFO] CADModel:165 - CPN selected for project level
2025-10-12 04:47:43,465 [INFO] CADModel:114 - Register for checkConnection events
2025-10-12 04:47:43,475 [INFO] IPUIPlugin:80 - create IPUIPlugin
2025-10-12 04:47:43,475 [INFO] PluginManager:220 - loadIPPluginJar : add adc
2025-10-12 04:47:43,477 [INFO] IPUIPlugin:80 - create IPUIPlugin
2025-10-12 04:47:43,477 [INFO] PluginManager:220 - loadIPPluginJar : add aes
2025-10-12 04:47:43,478 [INFO] IPUIPlugin:80 - create IPUIPlugin
2025-10-12 04:47:43,478 [INFO] PluginManager:220 - loadIPPluginJar : add can
2025-10-12 04:47:43,479 [INFO] IPUIPlugin:80 - create IPUIPlugin
2025-10-12 04:47:43,479 [INFO] PluginManager:220 - loadIPPluginJar : add comp
2025-10-12 04:47:43,480 [INFO] IPUIPlugin:80 - create IPUIPlugin
2025-10-12 04:47:43,480 [INFO] PluginManager:220 - loadIPPluginJar : add cryp
2025-10-12 04:47:43,483 [INFO] IPUIPlugin:80 - create IPUIPlugin
2025-10-12 04:47:43,483 [INFO] PluginManager:220 - loadIPPluginJar : add dfsdm
2025-10-12 04:47:43,488 [INFO] IPUIPlugin:80 - create IPUIPlugin
2025-10-12 04:47:43,488 [INFO] PluginManager:220 - loadIPPluginJar : add dma
2025-10-12 04:47:43,489 [INFO] IPUIPlugin:80 - create IPUIPlugin
2025-10-12 04:47:43,489 [INFO] PluginManager:220 - loadIPPluginJar : add dma3
2025-10-12 04:47:43,490 [INFO] IPUIPlugin:80 - create IPUIPlugin
2025-10-12 04:47:43,490 [INFO] PluginManager:220 - loadIPPluginJar : add extmemmanager
2025-10-12 04:47:43,491 [INFO] IPUIPlugin:80 - create IPUIPlugin
2025-10-12 04:47:43,491 [INFO] PluginManager:220 - loadIPPluginJar : add fatfs
2025-10-12 04:47:43,495 [INFO] IPUIPlugin:80 - create IPUIPlugin
2025-10-12 04:47:43,495 [INFO] PluginManager:220 - loadIPPluginJar : add fmc
2025-10-12 04:47:43,498 [INFO] IPUIPlugin:80 - create IPUIPlugin
2025-10-12 04:47:43,498 [INFO] PluginManager:220 - loadIPPluginJar : add freertos
2025-10-12 04:47:43,499 [INFO] IPUIPlugin:80 - create IPUIPlugin
2025-10-12 04:47:43,499 [INFO] PluginManager:220 - loadIPPluginJar : add genericplugin
2025-10-12 04:47:43,501 [INFO] IPUIPlugin:80 - create IPUIPlugin
2025-10-12 04:47:43,501 [INFO] PluginManager:220 - loadIPPluginJar : add gfxmmu
2025-10-12 04:47:43,503 [INFO] IPUIPlugin:80 - create IPUIPlugin
2025-10-12 04:47:43,503 [INFO] PluginManager:220 - loadIPPluginJar : add gic
2025-10-12 04:47:43,505 [INFO] IPUIPlugin:80 - create IPUIPlugin
2025-10-12 04:47:43,505 [INFO] PluginManager:220 - loadIPPluginJar : add gpio
2025-10-12 04:47:43,507 [INFO] IPUIPlugin:80 - create IPUIPlugin
2025-10-12 04:47:43,507 [INFO] PluginManager:220 - loadIPPluginJar : add gtzc
2025-10-12 04:47:43,508 [INFO] IPUIPlugin:80 - create IPUIPlugin
2025-10-12 04:47:43,508 [INFO] PluginManager:220 - loadIPPluginJar : add hash
2025-10-12 04:47:43,509 [INFO] IPUIPlugin:80 - create IPUIPlugin
2025-10-12 04:47:43,509 [INFO] PluginManager:220 - loadIPPluginJar : add i2c
2025-10-12 04:47:43,510 [INFO] IPUIPlugin:80 - create IPUIPlugin
2025-10-12 04:47:43,510 [INFO] PluginManager:220 - loadIPPluginJar : add i2s
2025-10-12 04:47:43,512 [INFO] IPUIPlugin:80 - create IPUIPlugin
2025-10-12 04:47:43,512 [INFO] PluginManager:220 - loadIPPluginJar : add i3c
2025-10-12 04:47:43,513 [INFO] IPUIPlugin:80 - create IPUIPlugin
2025-10-12 04:47:43,513 [INFO] PluginManager:220 - loadIPPluginJar : add ipddr
2025-10-12 04:47:43,517 [INFO] IPUIPlugin:80 - create IPUIPlugin
2025-10-12 04:47:43,518 [INFO] PluginManager:220 - loadIPPluginJar : add linkedlist
2025-10-12 04:47:43,519 [INFO] IPUIPlugin:80 - create IPUIPlugin
2025-10-12 04:47:43,519 [INFO] PluginManager:220 - loadIPPluginJar : add lorawan
2025-10-12 04:47:43,520 [INFO] IPUIPlugin:80 - create IPUIPlugin
2025-10-12 04:47:43,520 [INFO] PluginManager:220 - loadIPPluginJar : add ltdc
2025-10-12 04:47:43,524 [INFO] IPUIPlugin:80 - create IPUIPlugin
2025-10-12 04:47:43,524 [INFO] PluginManager:220 - loadIPPluginJar : add mdma
2025-10-12 04:47:43,525 [INFO] IPUIPlugin:80 - create IPUIPlugin
2025-10-12 04:47:43,525 [INFO] PluginManager:220 - loadIPPluginJar : add nvic
2025-10-12 04:47:43,528 [INFO] IPUIPlugin:80 - create IPUIPlugin
2025-10-12 04:47:43,528 [INFO] PluginManager:220 - loadIPPluginJar : add opamp
2025-10-12 04:47:43,529 [INFO] IPUIPlugin:80 - create IPUIPlugin
2025-10-12 04:47:43,530 [INFO] PluginManager:220 - loadIPPluginJar : add openamp
2025-10-12 04:47:43,531 [INFO] IPUIPlugin:80 - create IPUIPlugin
2025-10-12 04:47:43,531 [INFO] PluginManager:220 - loadIPPluginJar : add pdm2pcm
2025-10-12 04:47:43,535 [INFO] IPUIPlugin:80 - create IPUIPlugin
2025-10-12 04:47:43,537 [INFO] PluginManager:220 - loadIPPluginJar : add plateformsettings
2025-10-12 04:47:43,538 [INFO] IPUIPlugin:80 - create IPUIPlugin
2025-10-12 04:47:43,538 [INFO] PluginManager:220 - loadIPPluginJar : add quadspi
2025-10-12 04:47:43,539 [INFO] IPUIPlugin:80 - create IPUIPlugin
2025-10-12 04:47:43,539 [INFO] PluginManager:220 - loadIPPluginJar : add resmgrutility
2025-10-12 04:47:43,540 [INFO] IPUIPlugin:80 - create IPUIPlugin
2025-10-12 04:47:43,541 [INFO] PluginManager:220 - loadIPPluginJar : add sai
2025-10-12 04:47:43,542 [INFO] IPUIPlugin:80 - create IPUIPlugin
2025-10-12 04:47:43,542 [INFO] PluginManager:220 - loadIPPluginJar : add spi
2025-10-12 04:47:43,544 [INFO] IPUIPlugin:80 - create IPUIPlugin
2025-10-12 04:47:43,544 [INFO] PluginManager:220 - loadIPPluginJar : add stm32_wpan
2025-10-12 04:47:43,545 [INFO] IPUIPlugin:80 - create IPUIPlugin
2025-10-12 04:47:43,545 [INFO] PluginManager:220 - loadIPPluginJar : add tim
2025-10-12 04:47:43,547 [INFO] IPUIPlugin:80 - create IPUIPlugin
2025-10-12 04:47:43,547 [INFO] PluginManager:220 - loadIPPluginJar : add touchsensing
2025-10-12 04:47:43,548 [INFO] IPUIPlugin:80 - create IPUIPlugin
2025-10-12 04:47:43,548 [INFO] PluginManager:220 - loadIPPluginJar : add tracer_emb
2025-10-12 04:47:43,549 [INFO] IPUIPlugin:80 - create IPUIPlugin
2025-10-12 04:47:43,549 [INFO] PluginManager:220 - loadIPPluginJar : add ts
2025-10-12 04:47:43,550 [INFO] IPUIPlugin:80 - create IPUIPlugin
2025-10-12 04:47:43,550 [INFO] PluginManager:220 - loadIPPluginJar : add tsc
2025-10-12 04:47:43,551 [INFO] IPUIPlugin:80 - create IPUIPlugin
2025-10-12 04:47:43,551 [INFO] PluginManager:220 - loadIPPluginJar : add ucpd
2025-10-12 04:47:43,554 [INFO] IPUIPlugin:80 - create IPUIPlugin
2025-10-12 04:47:43,554 [INFO] PluginManager:220 - loadIPPluginJar : add usart
2025-10-12 04:47:43,555 [INFO] IPUIPlugin:80 - create IPUIPlugin
2025-10-12 04:47:43,556 [INFO] PluginManager:220 - loadIPPluginJar : add usbx
2025-10-12 04:47:43,664 [INFO] CADModel:165 - CPN selected for project level
2025-10-12 04:47:43,664 [INFO] CADModel:114 - Register for checkConnection events
2025-10-12 04:47:43,664 [FATAL] Updater:308 - Updater called before beeing initialized
2025-10-12 04:47:43,664 [ERROR] CADModel:125 - Updater not yet initialized, retry later 
2025-10-12 04:47:43,752 [INFO] CADModel:165 - CPN selected for project level
2025-10-12 04:47:43,752 [INFO] CADModel:114 - Register for checkConnection events
2025-10-12 04:47:43,752 [FATAL] Updater:308 - Updater called before beeing initialized
2025-10-12 04:47:43,752 [ERROR] CADModel:125 - Updater not yet initialized, retry later 
2025-10-12 04:47:43,754 [FATAL] Updater:308 - Updater called before beeing initialized
2025-10-12 04:47:43,816 [FATAL] Updater:308 - Updater called before beeing initialized
2025-10-12 04:47:43,819 [INFO] DbMcusAds:53 - JSON generation date=Thu Oct 02 11:36:05 CEST 2025 (1759397765645)
2025-10-12 04:47:43,819 [FATAL] Updater:308 - Updater called before beeing initialized
2025-10-12 04:47:43,839 [WARN] DetailPanel:346 - Failed to get advertising image, set to default
2025-10-12 04:47:43,892 [FATAL] Updater:308 - Updater called before beeing initialized
2025-10-12 04:47:43,893 [FATAL] Updater:308 - Updater called before beeing initialized
2025-10-12 04:47:43,893 [FATAL] Updater:308 - Updater called before beeing initialized
2025-10-12 04:47:43,893 [WARN] DetailPanel:346 - Failed to get advertising image, set to default
2025-10-12 04:47:43,894 [FATAL] Updater:308 - Updater called before beeing initialized
2025-10-12 04:47:43,919 [ERROR] Updater:1120 - MainUpdater not yet initialized. External WinMGr cannot be set.
2025-10-12 04:47:43,921 [INFO] Updater:1056 - Updater Version found : 6.11.1
2025-10-12 04:47:43,932 [INFO] ApplicationProperties:184 - Using Application install path: C:\ST\STM32CubeIDE_1.15.1\STM32CubeIDE\plugins\com.st.stm32cube.common.mx_6.11.1.202404110753
2025-10-12 04:47:45,501 [ERROR] LogOutputStream:75 - [STDERR_REDIRECT] Oct 12, 2025 4:47:45 AM java.util.prefs.WindowsPreferences <init>
2025-10-12 04:47:45,501 [ERROR] LogOutputStream:75 - [STDERR_REDIRECT] WARNING: Could not open/create prefs root node Software\JavaSoft\Prefs at root 0xffffffff80000002. Windows RegCreateKeyEx(...) returned error code 5.
2025-10-12 04:47:45,501 [ERROR] LogOutputStream:75 - [STDERR_REDIRECT] 
2025-10-12 04:47:45,764 [INFO] MainUpdater:2873 - connection check result : 10
2025-10-12 04:47:45,765 [INFO] MainUpdater:290 - Updater Check For Update Now.
2025-10-12 04:47:45,765 [INFO] MicroXplorer:498 - Change Database Version : DB.6.0.111
2025-10-12 04:47:45,782 [INFO] McuFinderGlobals:63 - Set McuFinder mode to 2 (CubeIDE integrated)
2025-10-12 04:47:45,783 [INFO] UserAuth:179 - activating auth plugin
2025-10-12 04:47:45,785 [INFO] UserAuth:415 - Internet connection configuration mode: 1
2025-10-12 04:47:45,814 [INFO] JxBrowserEngine:152 - Initiate JxBrowser Engine with user profile folder
2025-10-12 04:47:45,935 [INFO] CheckServerUpdateThread:120 - End of CheckServer Thread
2025-10-12 04:47:46,320 [INFO] WebApp:161 - Instantiating new browser for Auth
2025-10-12 04:47:46,321 [WARN] PackLoader:240 - Cannot read IP mode file for STMicroelectronics.FP-SNS-MOTENVWB1.1.4.0
2025-10-12 04:47:46,330 [WARN] PackLoader:240 - Cannot read IP mode file for STMicroelectronics.FP-ATR-ASTRA1.2.0.2
2025-10-12 04:47:46,333 [WARN] PackLoader:240 - Cannot read IP mode file for STMicroelectronics.FP-ATR-ASTRA1.2.0.1
2025-10-12 04:47:46,344 [WARN] PackLoader:240 - Cannot read IP mode file for STMicroelectronics.X-CUBE-SMBUS.2.1.0
2025-10-12 04:47:46,352 [WARN] PackLoader:240 - Cannot read IP mode file for STMicroelectronics.X-CUBE-WB05N.1.1.0
2025-10-12 04:47:46,356 [ERROR] Engine:466 - C:\Users\aytahiru\.stm32cubemx\thirdparties\pdsc\STMicroelectronics.X-CUBE-ST60.1.0.0.pdsc: PDSC version is not supported
2025-10-12 04:47:46,359 [WARN] PackLoader:240 - Cannot read IP mode file for STMicroelectronics.X-CUBE-TOUCHGFX.4.23.2
2025-10-12 04:47:46,383 [WARN] PackLoader:240 - Cannot read IP mode file for STMicroelectronics.X-CUBE-AZRTOS-F7.1.1.0
2025-10-12 04:47:46,437 [WARN] PackLoader:240 - Cannot read IP mode file for STMicroelectronics.X-CUBE-MEMS1.11.0.0
2025-10-12 04:47:46,559 [WARN] PackLoader:240 - Cannot read IP mode file for STMicroelectronics.FP-SNS-FLIGHT1.5.0.2
2025-10-12 04:47:46,578 [WARN] PackLoader:240 - Cannot read IP mode file for STMicroelectronics.X-CUBE-AZRTOS-H7.3.4.0
2025-10-12 04:47:46,591 [WARN] PackLoader:240 - Cannot read IP mode file for STMicroelectronics.X-CUBE-DISPLAY.3.0.0
2025-10-12 04:47:46,600 [WARN] PackLoader:240 - Cannot read IP mode file for STMicroelectronics.X-CUBE-BLE1.7.0.0
2025-10-12 04:47:46,606 [WARN] PackLoader:240 - Cannot read IP mode file for STMicroelectronics.X-CUBE-NFC10.1.0.0
2025-10-12 04:47:46,616 [WARN] PackLoader:240 - Cannot read IP mode file for STMicroelectronics.X-CUBE-BLEMGR.4.0.0
2025-10-12 04:47:46,623 [WARN] PackLoader:240 - Cannot read IP mode file for emotas.I-CUBE-CANOPEN.1.3.0
2025-10-12 04:47:46,628 [WARN] PackLoader:240 - Cannot read IP mode file for STMicroelectronics.X-CUBE-BLEMGR.3.1.0
2025-10-12 04:47:46,632 [WARN] PackLoader:240 - Cannot read IP mode file for STMicroelectronics.X-CUBE-AI.10.0.0
2025-10-12 04:47:46,634 [ERROR] Engine:466 - C:\Users\aytahiru\.stm32cubemx\thirdparties\pdsc\STMicroelectronics.FP-SNS-STBOX1.2.1.0.pdsc: PDSC version is not supported
2025-10-12 04:47:46,637 [WARN] PackLoader:240 - Cannot read IP mode file for STMicroelectronics.FP-SNS-SMARTAG2.1.2.0
2025-10-12 04:47:46,638 [ERROR] Engine:466 - C:\Users\aytahiru\.stm32cubemx\thirdparties\pdsc\STMicroelectronics.FP-SNS-FLIGHT1.5.1.0.pdsc: PDSC version is not supported
2025-10-12 04:47:46,676 [WARN] PackLoader:240 - Cannot read IP mode file for STMicroelectronics.X-CUBE-MEMS1.11.1.0
2025-10-12 04:47:46,788 [INFO] LogOutputStream:77 - [STDOUT_REDIRECT] 1 : Invalid condition id : UX_CORESTACK_Condition cause : null
2025-10-12 04:47:46,789 [INFO] LogOutputStream:77 - [STDOUT_REDIRECT] 1 : Invalid condition id : UX_CORESTACK_Condition cause : null
2025-10-12 04:47:46,792 [INFO] LogOutputStream:77 - [STDOUT_REDIRECT] 1 : Invalid condition id : UX_CORESTACK_Condition cause : null
2025-10-12 04:47:46,794 [INFO] LogOutputStream:77 - [STDOUT_REDIRECT] 1 : Invalid condition id : UX_CORESTACK_Condition cause : null
2025-10-12 04:47:46,796 [INFO] LogOutputStream:77 - [STDOUT_REDIRECT] 1 : Invalid condition id : UX_CORESTACK_Condition cause : null
2025-10-12 04:47:46,798 [WARN] PackLoader:240 - Cannot read IP mode file for STMicroelectronics.X-CUBE-AZRTOS-WL.2.0.0
2025-10-12 04:47:46,803 [WARN] PackLoader:240 - Cannot read IP mode file for STMicroelectronics.FP-SNS-MOTENV1.5.0.0
2025-10-12 04:47:46,805 [WARN] PackLoader:240 - Cannot read IP mode file for wolfSSL.I-CUBE-wolfMQTT.1.19.0
2025-10-12 04:47:46,811 [WARN] PackLoader:240 - Cannot read IP mode file for WES.I-CUBE-Cesium.1.3.0
2025-10-12 04:47:46,814 [WARN] PackLoader:240 - Cannot read IP mode file for STMicroelectronics.X-CUBE-BLE2.3.3.0
2025-10-12 04:47:46,818 [WARN] PackLoader:240 - Cannot read IP mode file for STMicroelectronics.X-CUBE-NFC9.1.0.0
2025-10-12 04:47:46,821 [WARN] PackLoader:240 - Cannot read IP mode file for STMicroelectronics.X-CUBE-BLE1.7.1.0
2025-10-12 04:47:46,824 [WARN] PackLoader:240 - Cannot read IP mode file for STMicroelectronics.X-CUBE-TCPP.4.1.0
2025-10-12 04:47:46,828 [WARN] PackLoader:240 - Cannot read IP mode file for STMicroelectronics.X-CUBE-EEPRMA1.5.2.0
2025-10-12 04:47:46,831 [WARN] PackLoader:240 - Cannot read IP mode file for STMicroelectronics.X-CUBE-AI.10.1.0
2025-10-12 04:47:46,855 [WARN] PackLoader:240 - Cannot read IP mode file for STMicroelectronics.X-CUBE-MEMS1.11.2.0
2025-10-12 04:47:46,912 [WARN] PackLoader:240 - Cannot read IP mode file for STMicroelectronics.X-CUBE-AZRTOS-G0.1.1.0
2025-10-12 04:47:46,917 [WARN] PackLoader:240 - Cannot read IP mode file for STMicroelectronics.X-CUBE-SAFEA1.1.2.2
2025-10-12 04:47:46,920 [WARN] PackLoader:240 - Cannot read IP mode file for STMicroelectronics.X-CUBE-NFC4.3.0.0
2025-10-12 04:47:46,925 [WARN] PackLoader:240 - Cannot read IP mode file for wolfSSL.I-CUBE-wolfMQTT.1.18.0
2025-10-12 04:47:46,930 [WARN] PackLoader:240 - Cannot read IP mode file for EmbeddedOffice.I-CUBE-FS-RTOS.1.0.1
2025-10-12 04:47:46,930 [ERROR] ConditionMgr:805 - Attr not supported : Dmpu
2025-10-12 04:47:46,930 [ERROR] ConditionMgr:805 - Attr not supported : Dmpu
2025-10-12 04:47:46,931 [ERROR] ConditionMgr:805 - Attr not supported : Dmpu
2025-10-12 04:47:46,931 [ERROR] ConditionMgr:805 - Attr not supported : Dmpu
2025-10-12 04:47:46,931 [ERROR] ConditionMgr:805 - Attr not supported : Dmpu
2025-10-12 04:47:46,931 [ERROR] ConditionMgr:805 - Attr not supported : Dmpu
2025-10-12 04:47:46,931 [ERROR] ConditionMgr:805 - Attr not supported : Dmpu
2025-10-12 04:47:46,931 [ERROR] ConditionMgr:805 - Attr not supported : Dmpu
2025-10-12 04:47:46,931 [ERROR] ConditionMgr:805 - Attr not supported : Dmpu
2025-10-12 04:47:46,931 [ERROR] ConditionMgr:805 - Attr not supported : Dmpu
2025-10-12 04:47:46,931 [ERROR] ConditionMgr:805 - Attr not supported : Dmpu
2025-10-12 04:47:46,931 [ERROR] ConditionMgr:805 - Attr not supported : Dmpu
2025-10-12 04:47:46,931 [ERROR] ConditionMgr:805 - Attr not supported : Dmpu
2025-10-12 04:47:46,931 [ERROR] ConditionMgr:805 - Attr not supported : Dmpu
2025-10-12 04:47:46,931 [ERROR] ConditionMgr:805 - Attr not supported : Dmpu
2025-10-12 04:47:46,931 [ERROR] ConditionMgr:805 - Attr not supported : Dmpu
2025-10-12 04:47:46,931 [ERROR] ConditionMgr:805 - Attr not supported : Dmpu
2025-10-12 04:47:46,931 [ERROR] ConditionMgr:805 - Attr not supported : Dmpu
2025-10-12 04:47:46,931 [ERROR] ConditionMgr:805 - Attr not supported : Dmpu
2025-10-12 04:47:46,931 [ERROR] ConditionMgr:805 - Attr not supported : Dmpu
2025-10-12 04:47:46,931 [ERROR] ConditionMgr:805 - Attr not supported : Dmpu
2025-10-12 04:47:46,931 [ERROR] ConditionMgr:805 - Attr not supported : Dmpu
2025-10-12 04:47:46,931 [ERROR] ConditionMgr:805 - Attr not supported : Dmpu
2025-10-12 04:47:46,931 [ERROR] ConditionMgr:805 - Attr not supported : Dmpu
2025-10-12 04:47:46,931 [ERROR] ConditionMgr:805 - Attr not supported : Dmpu
2025-10-12 04:47:46,932 [ERROR] ConditionMgr:805 - Attr not supported : Dmpu
2025-10-12 04:47:46,932 [ERROR] ConditionMgr:805 - Attr not supported : Dmpu
2025-10-12 04:47:46,932 [ERROR] ConditionMgr:805 - Attr not supported : Dmpu
2025-10-12 04:47:46,932 [ERROR] ConditionMgr:805 - Attr not supported : Dmpu
2025-10-12 04:47:46,932 [ERROR] ConditionMgr:805 - Attr not supported : Dmpu
2025-10-12 04:47:46,932 [ERROR] ConditionMgr:805 - Attr not supported : Dmpu
2025-10-12 04:47:46,932 [ERROR] ConditionMgr:805 - Attr not supported : Dmpu
2025-10-12 04:47:46,932 [ERROR] ConditionMgr:805 - Attr not supported : Dmpu
2025-10-12 04:47:46,932 [ERROR] ConditionMgr:805 - Attr not supported : Dmpu
2025-10-12 04:47:46,932 [ERROR] ConditionMgr:805 - Attr not supported : Dmpu
2025-10-12 04:47:46,932 [ERROR] ConditionMgr:805 - Attr not supported : Dmpu
2025-10-12 04:47:46,932 [ERROR] ConditionMgr:805 - Attr not supported : Dmpu
2025-10-12 04:47:46,932 [ERROR] ConditionMgr:805 - Attr not supported : Dmpu
2025-10-12 04:47:46,932 [ERROR] ConditionMgr:805 - Attr not supported : Dmpu
2025-10-12 04:47:46,932 [ERROR] ConditionMgr:805 - Attr not supported : Dmpu
2025-10-12 04:47:46,932 [ERROR] ConditionMgr:805 - Attr not supported : Dmpu
2025-10-12 04:47:46,932 [ERROR] ConditionMgr:805 - Attr not supported : Dmpu
2025-10-12 04:47:46,932 [ERROR] ConditionMgr:805 - Attr not supported : Dmpu
2025-10-12 04:47:46,932 [ERROR] ConditionMgr:805 - Attr not supported : Dmpu
2025-10-12 04:47:46,932 [ERROR] ConditionMgr:805 - Attr not supported : Dmpu
2025-10-12 04:47:46,932 [ERROR] ConditionMgr:805 - Attr not supported : Dmpu
2025-10-12 04:47:46,932 [ERROR] ConditionMgr:805 - Attr not supported : Dmpu
2025-10-12 04:47:46,932 [ERROR] ConditionMgr:805 - Attr not supported : Dmpu
2025-10-12 04:47:46,932 [ERROR] ConditionMgr:805 - Attr not supported : Dmpu
2025-10-12 04:47:46,932 [ERROR] ConditionMgr:805 - Attr not supported : Dmpu
2025-10-12 04:47:46,932 [ERROR] ConditionMgr:805 - Attr not supported : Dmpu
2025-10-12 04:47:46,932 [ERROR] ConditionMgr:805 - Attr not supported : Dmpu
2025-10-12 04:47:46,932 [ERROR] ConditionMgr:805 - Attr not supported : Dmpu
2025-10-12 04:47:46,932 [ERROR] ConditionMgr:805 - Attr not supported : Dmpu
2025-10-12 04:47:46,932 [ERROR] ConditionMgr:805 - Attr not supported : Dmpu
2025-10-12 04:47:46,933 [ERROR] ConditionMgr:805 - Attr not supported : Dmpu
2025-10-12 04:47:46,933 [ERROR] ConditionMgr:805 - Attr not supported : Dmpu
2025-10-12 04:47:46,933 [ERROR] ConditionMgr:805 - Attr not supported : Dmpu
2025-10-12 04:47:46,933 [ERROR] ConditionMgr:805 - Attr not supported : Dmpu
2025-10-12 04:47:46,933 [ERROR] ConditionMgr:805 - Attr not supported : Dmpu
2025-10-12 04:47:46,933 [ERROR] ConditionMgr:805 - Attr not supported : Dmpu
2025-10-12 04:47:46,933 [ERROR] ConditionMgr:805 - Attr not supported : Dmpu
2025-10-12 04:47:46,933 [ERROR] ConditionMgr:805 - Attr not supported : Dmpu
2025-10-12 04:47:46,933 [ERROR] ConditionMgr:805 - Attr not supported : Dmpu
2025-10-12 04:47:46,936 [WARN] PackLoader:240 - Cannot read IP mode file for STMicroelectronics.X-CUBE-WB05N.2.0.0
2025-10-12 04:47:46,938 [ERROR] Engine:466 - C:\Users\aytahiru\.stm32cubemx\thirdparties\pdsc\STMicroelectronics.X-CUBE-TCPP.4.2.0.pdsc: PDSC version is not supported
2025-10-12 04:47:46,940 [WARN] PackLoader:240 - Cannot read IP mode file for RealThread.X-CUBE-RT-Thread_Nano.4.1.1
2025-10-12 04:47:46,942 [WARN] PackLoader:240 - Cannot read IP mode file for wolfSSL.I-CUBE-wolfSSL.5.7.0
2025-10-12 04:47:46,944 [WARN] PackLoader:240 - Cannot read IP mode file for STMicroelectronics.FP-ATR-SIGFOX1.3.2.0
2025-10-12 04:47:46,947 [WARN] ConditionMgr:438 - getConditionDescription Invalid condition id : Cortex-A Device cause : null
2025-10-12 04:47:46,964 [WARN] ConditionMgr:1039 - genDependencies : Invalid condition id : Cortex-A Device cause : null
2025-10-12 04:47:46,964 [WARN] ConditionMgr:1039 - genDependencies : Invalid condition id : Cortex-A Device cause : null
2025-10-12 04:47:46,964 [WARN] ConditionMgr:1039 - genDependencies : Invalid condition id : Cortex-A Device cause : null
2025-10-12 04:47:46,969 [WARN] PackLoader:240 - Cannot read IP mode file for STMicroelectronics.X-CUBE-EEPRMA1.5.1.0
2025-10-12 04:47:46,973 [WARN] PackLoader:240 - Cannot read IP mode file for ITTIA_DB.I-CUBE-ITTIADB.8.9.0
2025-10-12 04:47:46,975 [ERROR] Engine:466 - C:\Users\aytahiru\.stm32cubemx\thirdparties\pdsc\STMicroelectronics.X-CUBE-ST67W61.1.0.0.pdsc: PDSC version is not supported
2025-10-12 04:47:46,976 [WARN] PackLoader:240 - Cannot read IP mode file for STMicroelectronics.X-CUBE-AI.10.2.0
2025-10-12 04:47:46,996 [WARN] PackLoader:240 - Cannot read IP mode file for SEGGER.I-CUBE-embOS.1.3.1
2025-10-12 04:47:47,024 [WARN] PackLoader:240 - Cannot read IP mode file for STMicroelectronics.X-CUBE-ALGOBUILD.1.4.0
2025-10-12 04:47:47,049 [WARN] PackLoader:240 - Cannot read IP mode file for STMicroelectronics.X-CUBE-MEMS1.11.3.0
2025-10-12 04:47:47,127 [WARN] PackLoader:240 - Cannot read IP mode file for STMicroelectronics.X-CUBE-AI.9.1.0
2025-10-12 04:47:47,130 [WARN] PackLoader:240 - Cannot read IP mode file for STMicroelectronics.X-CUBE-PM33A1.1.0.0
2025-10-12 04:47:47,134 [WARN] PackLoader:240 - Cannot read IP mode file for STMicroelectronics.X-CUBE-GNSS1.6.0.0
2025-10-12 04:47:47,142 [WARN] PackLoader:240 - Cannot read IP mode file for STMicroelectronics.X-CUBE-AZRTOS-F4.1.1.0
2025-10-12 04:47:47,145 [ERROR] Engine:466 - C:\Users\aytahiru\.stm32cubemx\thirdparties\pdsc\Avnet-IotConnect.X-CUBE-IoTC-DA16k-PMOD.1.0.0.pdsc: PDSC version is not supported
2025-10-12 04:47:47,148 [WARN] PackLoader:240 - Cannot read IP mode file for STMicroelectronics.X-CUBE-ISPU.2.1.0
2025-10-12 04:47:47,150 [WARN] PackLoader:240 - Cannot read IP mode file for STMicroelectronics.X-CUBE-FREERTOS.1.2.0
2025-10-12 04:47:47,156 [WARN] PackLoader:240 - Cannot read IP mode file for STMicroelectronics.X-CUBE-NFC12.1.0.0
2025-10-12 04:47:47,169 [WARN] PackLoader:240 - Cannot read IP mode file for STMicroelectronics.X-CUBE-AZRTOS-L5.2.0.0
2025-10-12 04:47:47,175 [WARN] PackLoader:240 - Cannot read IP mode file for STMicroelectronics.X-CUBE-NFC6.3.1.0
2025-10-12 04:47:47,178 [WARN] PackLoader:240 - Cannot read IP mode file for STMicroelectronics.X-CUBE-DPower.1.2.0
2025-10-12 04:47:47,184 [WARN] PackLoader:240 - Cannot read IP mode file for STMicroelectronics.X-CUBE-AI.9.0.0
2025-10-12 04:47:47,186 [WARN] PackLoader:240 - Cannot read IP mode file for STMicroelectronics.X-CUBE-FREERTOS.1.3.1
2025-10-12 04:47:47,190 [WARN] PackLoader:240 - Cannot read IP mode file for STMicroelectronics.X-CUBE-FREERTOS.1.3.0
2025-10-12 04:47:47,193 [WARN] PackLoader:240 - Cannot read IP mode file for STMicroelectronics.X-CUBE-NFC7.1.0.1
2025-10-12 04:47:47,197 [WARN] PackLoader:240 - Cannot read IP mode file for wolfSSL.I-CUBE-wolfTPM.3.2.0
2025-10-12 04:47:47,199 [WARN] PackLoader:240 - Cannot read IP mode file for STMicroelectronics.X-CUBE-TOUCHGFX.4.26.0
2025-10-12 04:47:47,200 [ERROR] Engine:466 - C:\Users\aytahiru\.stm32cubemx\thirdparties\pdsc\STMicroelectronics.FP-SNS-STAIOTCFT.1.0.0.pdsc: PDSC version is not supported
2025-10-12 04:47:47,202 [WARN] PackLoader:240 - Cannot read IP mode file for STMicroelectronics.X-CUBE-DPower.1.3.0
2025-10-12 04:47:47,213 [WARN] ConditionMgr:438 - getConditionDescription Invalid condition id : LAN8742 Phy interface Condition cause : null
2025-10-12 04:47:47,214 [WARN] PackLoader:240 - Cannot read IP mode file for STMicroelectronics.X-CUBE-AZRTOS-L4.2.0.0
2025-10-12 04:47:47,214 [WARN] ConditionMgr:1039 - genDependencies : Invalid condition id : LAN8742 Phy interface Condition cause : null
2025-10-12 04:47:47,215 [WARN] ConditionMgr:1039 - genDependencies : Invalid condition id : LAN8742 Phy interface Condition cause : null
2025-10-12 04:47:47,215 [WARN] ConditionMgr:1039 - genDependencies : Invalid condition id : LAN8742 Phy interface Condition cause : null
2025-10-12 04:47:47,220 [WARN] PackLoader:240 - Cannot read IP mode file for STMicroelectronics.X-CUBE-SFXS2LP1.4.0.0
2025-10-12 04:47:47,228 [WARN] PackLoader:240 - Cannot read IP mode file for STMicroelectronics.X-CUBE-AZRTOS-H7.3.3.0
2025-10-12 04:47:47,234 [ERROR] Engine:466 - C:\Users\aytahiru\.stm32cubemx\thirdparties\pdsc\STMicroelectronics.X-CUBE-BLEMGR.4.1.0.pdsc: PDSC version is not supported
2025-10-12 04:47:47,240 [WARN] PackLoader:240 - Cannot read IP mode file for STMicroelectronics.X-CUBE-IPS.3.0.0
2025-10-12 04:47:47,247 [WARN] ConditionMgr:438 - getConditionDescription Invalid condition id : UX DEVICE CLASS RTOS Condition cause : null
2025-10-12 04:47:47,247 [WARN] ConditionMgr:438 - getConditionDescription Invalid condition id : UX DEVICE CLASS RTOS Condition cause : null
2025-10-12 04:47:47,248 [WARN] PackLoader:240 - Cannot read IP mode file for STMicroelectronics.X-CUBE-AZRTOS-WB.2.0.0
2025-10-12 04:47:47,248 [WARN] ConditionMgr:1039 - genDependencies : Invalid condition id : UX DEVICE CLASS RTOS Condition cause : null
2025-10-12 04:47:47,248 [WARN] ConditionMgr:1039 - genDependencies : Invalid condition id : UX DEVICE CLASS RTOS Condition cause : null
2025-10-12 04:47:47,249 [WARN] ConditionMgr:1039 - genDependencies : Invalid condition id : UX DEVICE CLASS RTOS Condition cause : null
2025-10-12 04:47:47,249 [WARN] ConditionMgr:1039 - genDependencies : Invalid condition id : UX DEVICE CLASS RTOS Condition cause : null
2025-10-12 04:47:47,249 [WARN] ConditionMgr:1039 - genDependencies : Invalid condition id : UX DEVICE CLASS RTOS Condition cause : null
2025-10-12 04:47:47,251 [WARN] PackLoader:240 - Cannot read IP mode file for STMicroelectronics.X-CUBE-GNSS1.7.0.0
2025-10-12 04:47:47,254 [WARN] PackLoader:240 - Cannot read IP mode file for STMicroelectronics.X-CUBE-GNSS1.7.0.1
2025-10-12 04:47:47,256 [WARN] PackLoader:240 - Cannot read IP mode file for STMicroelectronics.X-CUBE-TOUCHGFX.4.25.0
2025-10-12 04:47:47,259 [WARN] PackLoader:240 - Cannot read IP mode file for STMicroelectronics.FP-SNS-STBOX1.2.0.0
2025-10-12 04:47:47,264 [WARN] PackLoader:240 - Cannot read IP mode file for STMicroelectronics.X-CUBE-SUBG2.5.0.0
2025-10-12 04:47:47,274 [WARN] PackLoader:240 - Cannot read IP mode file for STMicroelectronics.X-CUBE-AZRTOS-H7RS.1.1.0
2025-10-12 04:47:47,277 [WARN] PackLoader:240 - Cannot read IP mode file for Cesanta.I-CUBE-Mongoose.7.13.0
2025-10-12 04:47:47,284 [WARN] PackLoader:240 - Cannot read IP mode file for STMicroelectronics.X-CUBE-AZRTOS-G4.2.0.0
2025-10-12 04:47:47,287 [WARN] PackLoader:240 - Cannot read IP mode file for STMicroelectronics.X-CUBE-NFC7.2.0.0
2025-10-12 04:47:47,289 [WARN] PackLoader:240 - Cannot read IP mode file for STMicroelectronics.X-CUBE-ISPU.2.0.0
2025-10-12 04:47:47,291 [ERROR] Engine:466 - C:\Users\aytahiru\.stm32cubemx\thirdparties\pdsc\STMicroelectronics.X-CUBE-IPS.3.1.0.pdsc: PDSC version is not supported
2025-10-12 04:47:47,294 [WARN] PackLoader:240 - Cannot read IP mode file for STMicroelectronics.X-CUBE-ALS.1.0.2
2025-10-12 04:47:47,315 [WARN] PackLoader:240 - Cannot read IP mode file for STMicroelectronics.X-CUBE-MEMS1.10.0.0
2025-10-12 04:47:47,377 [WARN] PackLoader:240 - Cannot read IP mode file for STMicroelectronics.X-CUBE-TOUCHGFX.4.24.0
2025-10-12 04:47:47,379 [WARN] PackLoader:240 - Cannot read IP mode file for STMicroelectronics.X-CUBE-TOUCHGFX.4.24.2
2025-10-12 04:47:47,382 [WARN] PackLoader:240 - Cannot read IP mode file for STMicroelectronics.X-CUBE-TOUCHGFX.4.24.1
2025-10-12 04:47:47,386 [WARN] PackLoader:240 - Cannot read IP mode file for STMicroelectronics.X-CUBE-STSE01.1.0.0
2025-10-12 04:47:47,390 [WARN] PackLoader:240 - Cannot read IP mode file for portGmbH.I-Cube-SoM-uGOAL.1.1.0
2025-10-12 04:47:47,399 [WARN] PackLoader:240 - Cannot read IP mode file for STMicroelectronics.X-CUBE-AZRTOS-H7RS.1.0.0
2025-10-12 04:47:47,403 [WARN] PackLoader:240 - Cannot read IP mode file for STMicroelectronics.FP-ATR-ASTRA1.2.0.0
2025-10-12 04:47:47,409 [WARN] PackLoader:240 - Cannot read IP mode file for STMicroelectronics.X-CUBE-TOF1.3.4.2
2025-10-12 04:47:47,417 [ERROR] Engine:466 - C:\Users\aytahiru\.stm32cubemx\thirdparties\pdsc\STMicroelectronics.X-CUBE-TOF1.3.4.3.pdsc: PDSC version is not supported
2025-10-12 04:47:47,421 [WARN] PackLoader:240 - Cannot read IP mode file for STMicroelectronics.X-CUBE-TOF1.3.4.1
2025-10-12 04:47:47,439 [WARN] PackLoader:240 - Cannot read IP mode file for STMicroelectronics.X-CUBE-AZRTOS-H7.3.2.0
2025-10-12 04:47:47,446 [WARN] PackLoader:240 - Cannot read IP mode file for Infineon.AIROC-Wi-Fi-Bluetooth-STM32.1.6.0
2025-10-12 04:47:47,450 [WARN] PackLoader:240 - Cannot read IP mode file for wolfSSL.I-CUBE-wolfSSH.1.4.17
2025-10-12 04:47:47,451 [INFO] ThirdParty:978 - Integrity check success = true
2025-10-12 04:47:47,451 [INFO] IntegrityCheckThread:100 - exiting critical section [integrity check]
2025-10-12 04:47:47,451 [INFO] IntegrityCheckThread:103 - End integrity checks thread
2025-10-12 04:47:48,139 [INFO] WebApp:779 - Register for checkConnection events
2025-10-12 04:47:48,139 [INFO] WebApp:414 - Apply proxy settings
2025-10-12 04:47:48,139 [INFO] WebApp:499 - Chromium requires no authentication
2025-10-12 04:47:48,146 [INFO] WebApp:442 - Direct internet connection detected
2025-10-12 04:47:48,290 [INFO] WebApp:192 - Starting web application
2025-10-12 04:47:48,290 [INFO] WebApp:544 - Web application path used C:\ST\STM32CubeIDE_1.15.1\STM32CubeIDE\plugins\com.st.stm32cube.common.mx_6.11.1.202404110753\db\plugins\mcufinder\reactClient1\index.html
