2025-10-17 19:26:53,666 [INFO] Activator:176 - 


2025-10-17 19:26:53,670 [INFO] Activator:177 - !SESSION log4j initialized
2025-10-17 19:26:59,259 [INFO] LogOutputStream:77 - [STDOUT_REDIRECT] 
2025-10-17 19:27:07,270 [INFO] ApplicationProperties:184 - Using Application install path: C:\ST\STM32CubeIDE_1.15.1\STM32CubeIDE\plugins\com.st.stm32cube.common.mx_6.11.1.202404110753
2025-10-17 19:27:07,282 [INFO] DbMcusXml:78 - Set database path to: C:\ST\STM32CubeIDE_1.15.1\STM32CubeIDE\plugins\com.st.stm32cube.common.mx_6.11.1.202404110753\\db\/mcu/
2025-10-17 19:27:07,282 [INFO] ApiDb:274 - Set plugin database path to: C:\ST\STM32CubeIDE_1.15.1\STM32CubeIDE\plugins\com.st.stm32cube.common.mx_6.11.1.202404110753\\db\/plugins/boardmanager/
2025-10-17 19:27:07,283 [WARN] ApiDb:259 - Overriding images path with different value:  => C:\ST\STM32CubeIDE_1.15.1\STM32CubeIDE\plugins\com.st.stm32cube.common.mx_6.11.1.202404110753\\db\/plugins/mcufinder/images/
2025-10-17 19:27:07,286 [INFO] ApiDb:250 - Set database path to: C:\Users\aytahiru\.stmcufinder\plugins\mcufinder//mcu/
2025-10-17 19:27:07,287 [INFO] DbMcusAds:125 - Set database path to: C:\Users\aytahiru\.stmcufinder\plugins\mcufinder//mcu/
2025-10-17 19:27:07,288 [INFO] CrossReferenceDbSqlite:203 - Set database path to: C:\Users\aytahiru\.stmcufinder\plugins\mcufinder//mcu/cs/
2025-10-17 19:27:07,367 [INFO] RulesReader:64 - Compatibility file has been processed (297 Rules)
2025-10-17 19:27:07,429 [INFO] DbMcusXml:78 - Set database path to: C:\ST\STM32CubeIDE_1.15.1\STM32CubeIDE\plugins\com.st.stm32cube.common.mx_6.11.1.202404110753\\db\/mcu/
2025-10-17 19:27:07,429 [INFO] ApiDb:274 - Set plugin database path to: C:\ST\STM32CubeIDE_1.15.1\STM32CubeIDE\plugins\com.st.stm32cube.common.mx_6.11.1.202404110753\\db\/plugins/boardmanager/
2025-10-17 19:27:07,429 [INFO] ApiDb:261 - Set plugin images path to: C:\ST\STM32CubeIDE_1.15.1\STM32CubeIDE\plugins\com.st.stm32cube.common.mx_6.11.1.202404110753\\db\/plugins/mcufinder/images/
2025-10-17 19:27:07,430 [WARN] DbFile:41 - Overriding database path with different value: C:\Users\aytahiru\.stmcufinder\plugins\mcufinder/ => C:\Users\aytahiru\.stmcufinder\plugins\mcufinder
2025-10-17 19:27:07,430 [INFO] ApiDb:250 - Set database path to: C:\Users\aytahiru\.stmcufinder\plugins\mcufinder//mcu/
2025-10-17 19:27:07,430 [WARN] DbFile:41 - Overriding database path with different value: C:\Users\aytahiru\.stmcufinder\plugins\mcufinder/ => C:\Users\aytahiru\.stmcufinder\plugins\mcufinder
2025-10-17 19:27:07,430 [INFO] DbMcusAds:125 - Set database path to: C:\Users\aytahiru\.stmcufinder\plugins\mcufinder//mcu/
2025-10-17 19:27:07,430 [WARN] DbFile:41 - Overriding database path with different value: C:\Users\aytahiru\.stmcufinder\plugins\mcufinder/ => C:\Users\aytahiru\.stmcufinder\plugins\mcufinder
2025-10-17 19:27:07,430 [WARN] DbFile:41 - Overriding database path with different value: C:\Users\aytahiru\.stmcufinder\plugins\mcufinder/ => C:\Users\aytahiru\.stmcufinder\plugins\mcufinder
2025-10-17 19:27:07,430 [INFO] CrossReferenceDbSqlite:203 - Set database path to: C:\Users\aytahiru\.stmcufinder\plugins\mcufinder//mcu/cs/
2025-10-17 19:27:07,482 [INFO] MainPanel:264 - HeapMemory: 268435456
2025-10-17 19:27:07,550 [INFO] DbMcusXml:78 - Set database path to: C:\ST\STM32CubeIDE_1.15.1\STM32CubeIDE\plugins\com.st.stm32cube.common.mx_6.11.1.202404110753\\db\/mcu/
2025-10-17 19:27:07,550 [INFO] ApiDb:274 - Set plugin database path to: C:\ST\STM32CubeIDE_1.15.1\STM32CubeIDE\plugins\com.st.stm32cube.common.mx_6.11.1.202404110753\\db\/plugins/boardmanager/
2025-10-17 19:27:07,550 [INFO] ApiDb:261 - Set plugin images path to: C:\ST\STM32CubeIDE_1.15.1\STM32CubeIDE\plugins\com.st.stm32cube.common.mx_6.11.1.202404110753\\db\/plugins/mcufinder/images/
2025-10-17 19:27:07,550 [WARN] DbFile:41 - Overriding database path with different value: C:\Users\aytahiru\.stmcufinder\plugins\mcufinder/ => C:\Users\aytahiru\.stmcufinder\plugins\mcufinder
2025-10-17 19:27:07,550 [INFO] ApiDb:250 - Set database path to: C:\Users\aytahiru\.stmcufinder\plugins\mcufinder//mcu/
2025-10-17 19:27:07,550 [WARN] DbFile:41 - Overriding database path with different value: C:\Users\aytahiru\.stmcufinder\plugins\mcufinder/ => C:\Users\aytahiru\.stmcufinder\plugins\mcufinder
2025-10-17 19:27:07,551 [INFO] DbMcusAds:125 - Set database path to: C:\Users\aytahiru\.stmcufinder\plugins\mcufinder//mcu/
2025-10-17 19:27:07,551 [WARN] DbFile:41 - Overriding database path with different value: C:\Users\aytahiru\.stmcufinder\plugins\mcufinder/ => C:\Users\aytahiru\.stmcufinder\plugins\mcufinder
2025-10-17 19:27:07,551 [WARN] DbFile:41 - Overriding database path with different value: C:\Users\aytahiru\.stmcufinder\plugins\mcufinder/ => C:\Users\aytahiru\.stmcufinder\plugins\mcufinder
2025-10-17 19:27:07,551 [INFO] CrossReferenceDbSqlite:203 - Set database path to: C:\Users\aytahiru\.stmcufinder\plugins\mcufinder//mcu/cs/
2025-10-17 19:27:07,562 [INFO] ApplicationProperties:184 - Using Application install path: C:\ST\STM32CubeIDE_1.15.1\STM32CubeIDE\plugins\com.st.stm32cube.common.mx_6.11.1.202404110753
2025-10-17 19:27:07,563 [INFO] PluginManage:196 - Search for loadable plugins [exclusion list=, ]
2025-10-17 19:27:07,564 [INFO] PluginManage:310 - Check plugin analytics
2025-10-17 19:27:12,675 [INFO] AnalyticsPlugin:253 - Accepted Software Licenses: 
2025-10-17 19:27:12,675 [INFO] AnalyticsPlugin:255 - Accepted CMSIS Pack Licenses: 
2025-10-17 19:27:12,675 [INFO] AnalyticsPlugin:257 - Accepted Firmware Licenses: 
2025-10-17 19:27:12,678 [INFO] PluginManage:359 - Loaded plugin analytics (category:tool,tabindex:-1)
2025-10-17 19:27:12,679 [INFO] PluginManage:310 - Check plugin cadmodel
2025-10-17 19:27:12,682 [INFO] CADModel:105 - Init CAD model plugin
2025-10-17 19:27:12,682 [INFO] PluginManage:359 - Loaded plugin cadmodel (category:power,tabindex:5)
2025-10-17 19:27:12,682 [INFO] PluginManage:310 - Check plugin clock
2025-10-17 19:27:12,686 [INFO] PluginManage:359 - Loaded plugin clock (category:base,tabindex:2)
2025-10-17 19:27:12,686 [INFO] PluginManage:310 - Check plugin ddr
2025-10-17 19:27:12,687 [INFO] PluginManage:359 - Loaded plugin ddr (category:tool,tabindex:6)
2025-10-17 19:27:12,687 [INFO] PluginManage:310 - Check plugin filemanager
2025-10-17 19:27:12,778 [INFO] PluginManage:359 - Loaded plugin filemanager (category:base,tabindex:10)
2025-10-17 19:27:12,778 [INFO] PluginManage:310 - Check plugin ipmanager
2025-10-17 19:27:12,783 [INFO] PluginManage:359 - Loaded plugin ipmanager (category:base,tabindex:5)
2025-10-17 19:27:12,783 [INFO] PluginManage:310 - Check plugin lpbam
2025-10-17 19:27:12,788 [INFO] PluginManage:359 - Loaded plugin lpbam (category:base,tabindex:0)
2025-10-17 19:27:12,788 [INFO] PluginManage:310 - Check plugin memorymap
2025-10-17 19:27:12,798 [INFO] PluginManage:359 - Loaded plugin memorymap (category:base,tabindex:4)
2025-10-17 19:27:12,798 [INFO] PluginManage:310 - Check plugin pinoutandconfiguration
2025-10-17 19:27:12,802 [INFO] PluginManage:359 - Loaded plugin pinoutandconfiguration (category:base,tabindex:1)
2025-10-17 19:27:12,802 [INFO] PluginManage:310 - Check plugin pinoutconfig
2025-10-17 19:27:12,855 [WARN] SupportedApi:132 - Cannot load RTOS API schema: s4s-elt-must-match.1: The content of 'definitions' must match (annotation?, (simpleType | complexType)?, (unique | key | keyref)*)). A problem was found starting at: attribute.
2025-10-17 19:27:12,943 [INFO] PluginManage:359 - Loaded plugin pinoutconfig (category:base,tabindex:0)
2025-10-17 19:27:12,944 [INFO] PluginManage:310 - Check plugin power
2025-10-17 19:27:12,951 [INFO] PluginManage:359 - Loaded plugin power (category:power,tabindex:4)
2025-10-17 19:27:12,951 [INFO] PluginManage:310 - Check plugin projectmanager
2025-10-17 19:27:12,962 [INFO] PluginManage:359 - Loaded plugin projectmanager (category:projectmanager,tabindex:3)
2025-10-17 19:27:12,963 [INFO] PluginManage:310 - Check plugin thirdparty
2025-10-17 19:27:13,048 [WARN] IntegrityCheckThread:84 - waiting for thirdparty lock release [integrity check]
2025-10-17 19:27:13,049 [INFO] IntegrityCheckThread:86 - entering critical section [integrity check]
2025-10-17 19:27:13,049 [INFO] PluginManage:359 - Loaded plugin thirdparty (category:base,tabindex:-1)
2025-10-17 19:27:13,049 [INFO] PluginManage:310 - Check plugin tools
2025-10-17 19:27:13,049 [INFO] ThirdPartyUpdaterWithRetryManager:70 - Updater plugin not ready yet. [1/15]
2025-10-17 19:27:13,050 [INFO] PluginManage:359 - Loaded plugin tools (category:base,tabindex:7)
2025-10-17 19:27:13,050 [INFO] PluginManage:310 - Check plugin tutovideos
2025-10-17 19:27:13,159 [INFO] PluginManage:359 - Loaded plugin tutovideos (category:base,tabindex:-1)
2025-10-17 19:27:13,160 [INFO] PluginManage:310 - Check plugin updater
2025-10-17 19:27:13,168 [INFO] PluginManage:359 - Loaded plugin updater (category:base,tabindex:12)
2025-10-17 19:27:13,168 [INFO] PluginManage:310 - Check plugin userauth
2025-10-17 19:27:13,171 [INFO] UserAuth:114 - Init User Auth plugin
2025-10-17 19:27:13,171 [INFO] PluginManage:359 - Loaded plugin userauth (category:base,tabindex:14)
2025-10-17 19:27:13,171 [INFO] PluginManage:283 - PluginManage : Loaded plugins [17]
2025-10-17 19:27:13,306 [INFO] PinOutPanel:1561 - setPackage(No Configuration,No Configuration)
2025-10-17 19:27:13,353 [INFO] CADModel:165 - CPN selected for project level
2025-10-17 19:27:13,353 [INFO] CADModel:114 - Register for checkConnection events
2025-10-17 19:27:13,363 [INFO] IPUIPlugin:80 - create IPUIPlugin
2025-10-17 19:27:13,363 [INFO] PluginManager:220 - loadIPPluginJar : add adc
2025-10-17 19:27:13,365 [INFO] IPUIPlugin:80 - create IPUIPlugin
2025-10-17 19:27:13,365 [INFO] PluginManager:220 - loadIPPluginJar : add aes
2025-10-17 19:27:13,368 [INFO] IPUIPlugin:80 - create IPUIPlugin
2025-10-17 19:27:13,368 [INFO] PluginManager:220 - loadIPPluginJar : add can
2025-10-17 19:27:13,369 [INFO] IPUIPlugin:80 - create IPUIPlugin
2025-10-17 19:27:13,369 [INFO] PluginManager:220 - loadIPPluginJar : add comp
2025-10-17 19:27:13,371 [INFO] IPUIPlugin:80 - create IPUIPlugin
2025-10-17 19:27:13,371 [INFO] PluginManager:220 - loadIPPluginJar : add cryp
2025-10-17 19:27:13,372 [INFO] IPUIPlugin:80 - create IPUIPlugin
2025-10-17 19:27:13,372 [INFO] PluginManager:220 - loadIPPluginJar : add dfsdm
2025-10-17 19:27:13,375 [INFO] IPUIPlugin:80 - create IPUIPlugin
2025-10-17 19:27:13,375 [INFO] PluginManager:220 - loadIPPluginJar : add dma
2025-10-17 19:27:13,376 [INFO] IPUIPlugin:80 - create IPUIPlugin
2025-10-17 19:27:13,376 [INFO] PluginManager:220 - loadIPPluginJar : add dma3
2025-10-17 19:27:13,378 [INFO] IPUIPlugin:80 - create IPUIPlugin
2025-10-17 19:27:13,378 [INFO] PluginManager:220 - loadIPPluginJar : add extmemmanager
2025-10-17 19:27:13,379 [INFO] IPUIPlugin:80 - create IPUIPlugin
2025-10-17 19:27:13,379 [INFO] PluginManager:220 - loadIPPluginJar : add fatfs
2025-10-17 19:27:13,381 [INFO] IPUIPlugin:80 - create IPUIPlugin
2025-10-17 19:27:13,381 [INFO] PluginManager:220 - loadIPPluginJar : add fmc
2025-10-17 19:27:13,385 [INFO] IPUIPlugin:80 - create IPUIPlugin
2025-10-17 19:27:13,385 [INFO] PluginManager:220 - loadIPPluginJar : add freertos
2025-10-17 19:27:13,386 [INFO] IPUIPlugin:80 - create IPUIPlugin
2025-10-17 19:27:13,386 [INFO] PluginManager:220 - loadIPPluginJar : add genericplugin
2025-10-17 19:27:13,388 [INFO] IPUIPlugin:80 - create IPUIPlugin
2025-10-17 19:27:13,388 [INFO] PluginManager:220 - loadIPPluginJar : add gfxmmu
2025-10-17 19:27:13,390 [INFO] IPUIPlugin:80 - create IPUIPlugin
2025-10-17 19:27:13,391 [INFO] PluginManager:220 - loadIPPluginJar : add gic
2025-10-17 19:27:13,393 [INFO] IPUIPlugin:80 - create IPUIPlugin
2025-10-17 19:27:13,393 [INFO] PluginManager:220 - loadIPPluginJar : add gpio
2025-10-17 19:27:13,394 [INFO] IPUIPlugin:80 - create IPUIPlugin
2025-10-17 19:27:13,394 [INFO] PluginManager:220 - loadIPPluginJar : add gtzc
2025-10-17 19:27:13,395 [INFO] IPUIPlugin:80 - create IPUIPlugin
2025-10-17 19:27:13,396 [INFO] PluginManager:220 - loadIPPluginJar : add hash
2025-10-17 19:27:13,397 [INFO] IPUIPlugin:80 - create IPUIPlugin
2025-10-17 19:27:13,397 [INFO] PluginManager:220 - loadIPPluginJar : add i2c
2025-10-17 19:27:13,398 [INFO] IPUIPlugin:80 - create IPUIPlugin
2025-10-17 19:27:13,398 [INFO] PluginManager:220 - loadIPPluginJar : add i2s
2025-10-17 19:27:13,400 [INFO] IPUIPlugin:80 - create IPUIPlugin
2025-10-17 19:27:13,400 [INFO] PluginManager:220 - loadIPPluginJar : add i3c
2025-10-17 19:27:13,402 [INFO] IPUIPlugin:80 - create IPUIPlugin
2025-10-17 19:27:13,402 [INFO] PluginManager:220 - loadIPPluginJar : add ipddr
2025-10-17 19:27:13,407 [INFO] IPUIPlugin:80 - create IPUIPlugin
2025-10-17 19:27:13,407 [INFO] PluginManager:220 - loadIPPluginJar : add linkedlist
2025-10-17 19:27:13,410 [INFO] IPUIPlugin:80 - create IPUIPlugin
2025-10-17 19:27:13,410 [INFO] PluginManager:220 - loadIPPluginJar : add lorawan
2025-10-17 19:27:13,410 [INFO] IPUIPlugin:80 - create IPUIPlugin
2025-10-17 19:27:13,410 [INFO] PluginManager:220 - loadIPPluginJar : add ltdc
2025-10-17 19:27:13,414 [INFO] IPUIPlugin:80 - create IPUIPlugin
2025-10-17 19:27:13,414 [INFO] PluginManager:220 - loadIPPluginJar : add mdma
2025-10-17 19:27:13,416 [INFO] IPUIPlugin:80 - create IPUIPlugin
2025-10-17 19:27:13,416 [INFO] PluginManager:220 - loadIPPluginJar : add nvic
2025-10-17 19:27:13,417 [INFO] IPUIPlugin:80 - create IPUIPlugin
2025-10-17 19:27:13,417 [INFO] PluginManager:220 - loadIPPluginJar : add opamp
2025-10-17 19:27:13,419 [INFO] IPUIPlugin:80 - create IPUIPlugin
2025-10-17 19:27:13,419 [INFO] PluginManager:220 - loadIPPluginJar : add openamp
2025-10-17 19:27:13,421 [INFO] IPUIPlugin:80 - create IPUIPlugin
2025-10-17 19:27:13,421 [INFO] PluginManager:220 - loadIPPluginJar : add pdm2pcm
2025-10-17 19:27:13,424 [INFO] IPUIPlugin:80 - create IPUIPlugin
2025-10-17 19:27:13,425 [INFO] PluginManager:220 - loadIPPluginJar : add plateformsettings
2025-10-17 19:27:13,426 [INFO] IPUIPlugin:80 - create IPUIPlugin
2025-10-17 19:27:13,426 [INFO] PluginManager:220 - loadIPPluginJar : add quadspi
2025-10-17 19:27:13,428 [INFO] IPUIPlugin:80 - create IPUIPlugin
2025-10-17 19:27:13,428 [INFO] PluginManager:220 - loadIPPluginJar : add resmgrutility
2025-10-17 19:27:13,429 [INFO] IPUIPlugin:80 - create IPUIPlugin
2025-10-17 19:27:13,429 [INFO] PluginManager:220 - loadIPPluginJar : add sai
2025-10-17 19:27:13,430 [INFO] IPUIPlugin:80 - create IPUIPlugin
2025-10-17 19:27:13,430 [INFO] PluginManager:220 - loadIPPluginJar : add spi
2025-10-17 19:27:13,433 [INFO] IPUIPlugin:80 - create IPUIPlugin
2025-10-17 19:27:13,433 [INFO] PluginManager:220 - loadIPPluginJar : add stm32_wpan
2025-10-17 19:27:13,434 [INFO] IPUIPlugin:80 - create IPUIPlugin
2025-10-17 19:27:13,434 [INFO] PluginManager:220 - loadIPPluginJar : add tim
2025-10-17 19:27:13,435 [INFO] IPUIPlugin:80 - create IPUIPlugin
2025-10-17 19:27:13,435 [INFO] PluginManager:220 - loadIPPluginJar : add touchsensing
2025-10-17 19:27:13,436 [INFO] IPUIPlugin:80 - create IPUIPlugin
2025-10-17 19:27:13,436 [INFO] PluginManager:220 - loadIPPluginJar : add tracer_emb
2025-10-17 19:27:13,437 [INFO] IPUIPlugin:80 - create IPUIPlugin
2025-10-17 19:27:13,437 [INFO] PluginManager:220 - loadIPPluginJar : add ts
2025-10-17 19:27:13,438 [INFO] IPUIPlugin:80 - create IPUIPlugin
2025-10-17 19:27:13,438 [INFO] PluginManager:220 - loadIPPluginJar : add tsc
2025-10-17 19:27:13,438 [INFO] IPUIPlugin:80 - create IPUIPlugin
2025-10-17 19:27:13,439 [INFO] PluginManager:220 - loadIPPluginJar : add ucpd
2025-10-17 19:27:13,440 [INFO] IPUIPlugin:80 - create IPUIPlugin
2025-10-17 19:27:13,440 [INFO] PluginManager:220 - loadIPPluginJar : add usart
2025-10-17 19:27:13,441 [INFO] IPUIPlugin:80 - create IPUIPlugin
2025-10-17 19:27:13,441 [INFO] PluginManager:220 - loadIPPluginJar : add usbx
2025-10-17 19:27:13,552 [INFO] CADModel:165 - CPN selected for project level
2025-10-17 19:27:13,552 [INFO] CADModel:114 - Register for checkConnection events
2025-10-17 19:27:13,552 [FATAL] Updater:308 - Updater called before beeing initialized
2025-10-17 19:27:13,553 [ERROR] CADModel:125 - Updater not yet initialized, retry later 
2025-10-17 19:27:13,657 [INFO] CADModel:165 - CPN selected for project level
2025-10-17 19:27:13,657 [INFO] CADModel:114 - Register for checkConnection events
2025-10-17 19:27:13,657 [FATAL] Updater:308 - Updater called before beeing initialized
2025-10-17 19:27:13,657 [ERROR] CADModel:125 - Updater not yet initialized, retry later 
2025-10-17 19:27:13,659 [FATAL] Updater:308 - Updater called before beeing initialized
2025-10-17 19:27:13,731 [FATAL] Updater:308 - Updater called before beeing initialized
2025-10-17 19:27:13,735 [INFO] DbMcusAds:53 - JSON generation date=Thu Oct 02 11:36:05 CEST 2025 (1759397765645)
2025-10-17 19:27:13,735 [FATAL] Updater:308 - Updater called before beeing initialized
2025-10-17 19:27:13,785 [WARN] DetailPanel:346 - Failed to get advertising image, set to default
2025-10-17 19:27:13,845 [FATAL] Updater:308 - Updater called before beeing initialized
2025-10-17 19:27:13,846 [FATAL] Updater:308 - Updater called before beeing initialized
2025-10-17 19:27:13,846 [FATAL] Updater:308 - Updater called before beeing initialized
2025-10-17 19:27:13,846 [WARN] DetailPanel:346 - Failed to get advertising image, set to default
2025-10-17 19:27:13,847 [FATAL] Updater:308 - Updater called before beeing initialized
2025-10-17 19:27:13,914 [ERROR] Updater:1120 - MainUpdater not yet initialized. External WinMGr cannot be set.
2025-10-17 19:27:13,953 [INFO] Updater:1056 - Updater Version found : 6.11.1
2025-10-17 19:27:13,965 [INFO] ApplicationProperties:184 - Using Application install path: C:\ST\STM32CubeIDE_1.15.1\STM32CubeIDE\plugins\com.st.stm32cube.common.mx_6.11.1.202404110753
2025-10-17 19:27:15,545 [ERROR] LogOutputStream:75 - [STDERR_REDIRECT] Oct 17, 2025 7:27:15 PM java.util.prefs.WindowsPreferences <init>
2025-10-17 19:27:15,546 [ERROR] LogOutputStream:75 - [STDERR_REDIRECT] WARNING: Could not open/create prefs root node Software\JavaSoft\Prefs at root 0xffffffff80000002. Windows RegCreateKeyEx(...) returned error code 5.
2025-10-17 19:27:15,546 [ERROR] LogOutputStream:75 - [STDERR_REDIRECT] 
2025-10-17 19:27:15,788 [INFO] MainUpdater:2873 - connection check result : 10
2025-10-17 19:27:15,790 [INFO] MainUpdater:290 - Updater Check For Update Now.
2025-10-17 19:27:15,790 [INFO] MicroXplorer:498 - Change Database Version : DB.6.0.111
2025-10-17 19:27:15,794 [INFO] McuFinderGlobals:63 - Set McuFinder mode to 2 (CubeIDE integrated)
2025-10-17 19:27:15,795 [INFO] UserAuth:179 - activating auth plugin
2025-10-17 19:27:15,798 [INFO] UserAuth:415 - Internet connection configuration mode: 1
2025-10-17 19:27:15,839 [INFO] JxBrowserEngine:152 - Initiate JxBrowser Engine with user profile folder
2025-10-17 19:27:15,962 [INFO] CheckServerUpdateThread:120 - End of CheckServer Thread
2025-10-17 19:27:16,175 [WARN] PackLoader:240 - Cannot read IP mode file for STMicroelectronics.FP-SNS-MOTENVWB1.1.4.0
2025-10-17 19:27:16,184 [WARN] PackLoader:240 - Cannot read IP mode file for STMicroelectronics.FP-ATR-ASTRA1.2.0.2
2025-10-17 19:27:16,186 [WARN] PackLoader:240 - Cannot read IP mode file for STMicroelectronics.FP-ATR-ASTRA1.2.0.1
2025-10-17 19:27:16,191 [WARN] PackLoader:240 - Cannot read IP mode file for STMicroelectronics.X-CUBE-SMBUS.2.1.0
2025-10-17 19:27:16,196 [WARN] PackLoader:240 - Cannot read IP mode file for STMicroelectronics.X-CUBE-WB05N.1.1.0
2025-10-17 19:27:16,199 [ERROR] Engine:466 - C:\Users\aytahiru\.stm32cubemx\thirdparties\pdsc\STMicroelectronics.X-CUBE-ST60.1.0.0.pdsc: PDSC version is not supported
2025-10-17 19:27:16,203 [WARN] PackLoader:240 - Cannot read IP mode file for STMicroelectronics.X-CUBE-TOUCHGFX.4.23.2
2025-10-17 19:27:16,225 [WARN] PackLoader:240 - Cannot read IP mode file for STMicroelectronics.X-CUBE-AZRTOS-F7.1.1.0
2025-10-17 19:27:16,267 [WARN] PackLoader:240 - Cannot read IP mode file for STMicroelectronics.X-CUBE-MEMS1.11.0.0
2025-10-17 19:27:16,334 [WARN] PackLoader:240 - Cannot read IP mode file for STMicroelectronics.FP-SNS-FLIGHT1.5.0.2
2025-10-17 19:27:16,345 [WARN] PackLoader:240 - Cannot read IP mode file for STMicroelectronics.X-CUBE-AZRTOS-H7.3.4.0
2025-10-17 19:27:16,352 [WARN] PackLoader:240 - Cannot read IP mode file for STMicroelectronics.X-CUBE-DISPLAY.3.0.0
2025-10-17 19:27:16,357 [WARN] PackLoader:240 - Cannot read IP mode file for STMicroelectronics.X-CUBE-BLE1.7.0.0
2025-10-17 19:27:16,360 [WARN] PackLoader:240 - Cannot read IP mode file for STMicroelectronics.X-CUBE-NFC10.1.0.0
2025-10-17 19:27:16,365 [WARN] PackLoader:240 - Cannot read IP mode file for STMicroelectronics.X-CUBE-BLEMGR.4.0.0
2025-10-17 19:27:16,368 [WARN] PackLoader:240 - Cannot read IP mode file for emotas.I-CUBE-CANOPEN.1.3.0
2025-10-17 19:27:16,372 [WARN] PackLoader:240 - Cannot read IP mode file for STMicroelectronics.X-CUBE-BLEMGR.3.1.0
2025-10-17 19:27:16,375 [WARN] PackLoader:240 - Cannot read IP mode file for STMicroelectronics.X-CUBE-AI.10.0.0
2025-10-17 19:27:16,377 [ERROR] Engine:466 - C:\Users\aytahiru\.stm32cubemx\thirdparties\pdsc\STMicroelectronics.FP-SNS-STBOX1.2.1.0.pdsc: PDSC version is not supported
2025-10-17 19:27:16,379 [WARN] PackLoader:240 - Cannot read IP mode file for STMicroelectronics.FP-SNS-SMARTAG2.1.2.0
2025-10-17 19:27:16,380 [ERROR] Engine:466 - C:\Users\aytahiru\.stm32cubemx\thirdparties\pdsc\STMicroelectronics.FP-SNS-FLIGHT1.5.1.0.pdsc: PDSC version is not supported
2025-10-17 19:27:16,401 [WARN] PackLoader:240 - Cannot read IP mode file for STMicroelectronics.X-CUBE-MEMS1.11.1.0
2025-10-17 19:27:16,460 [INFO] LogOutputStream:77 - [STDOUT_REDIRECT] 1 : Invalid condition id : UX_CORESTACK_Condition cause : null
2025-10-17 19:27:16,460 [INFO] LogOutputStream:77 - [STDOUT_REDIRECT] 1 : Invalid condition id : UX_CORESTACK_Condition cause : null
2025-10-17 19:27:16,461 [INFO] LogOutputStream:77 - [STDOUT_REDIRECT] 1 : Invalid condition id : UX_CORESTACK_Condition cause : null
2025-10-17 19:27:16,462 [INFO] LogOutputStream:77 - [STDOUT_REDIRECT] 1 : Invalid condition id : UX_CORESTACK_Condition cause : null
2025-10-17 19:27:16,462 [INFO] LogOutputStream:77 - [STDOUT_REDIRECT] 1 : Invalid condition id : UX_CORESTACK_Condition cause : null
2025-10-17 19:27:16,464 [WARN] PackLoader:240 - Cannot read IP mode file for STMicroelectronics.X-CUBE-AZRTOS-WL.2.0.0
2025-10-17 19:27:16,466 [WARN] PackLoader:240 - Cannot read IP mode file for STMicroelectronics.FP-SNS-MOTENV1.5.0.0
2025-10-17 19:27:16,468 [WARN] PackLoader:240 - Cannot read IP mode file for wolfSSL.I-CUBE-wolfMQTT.1.19.0
2025-10-17 19:27:16,473 [WARN] PackLoader:240 - Cannot read IP mode file for WES.I-CUBE-Cesium.1.3.0
2025-10-17 19:27:16,476 [WARN] PackLoader:240 - Cannot read IP mode file for STMicroelectronics.X-CUBE-BLE2.3.3.0
2025-10-17 19:27:16,479 [WARN] PackLoader:240 - Cannot read IP mode file for STMicroelectronics.X-CUBE-NFC9.1.0.0
2025-10-17 19:27:16,481 [WARN] PackLoader:240 - Cannot read IP mode file for STMicroelectronics.X-CUBE-BLE1.7.1.0
2025-10-17 19:27:16,484 [WARN] PackLoader:240 - Cannot read IP mode file for STMicroelectronics.X-CUBE-TCPP.4.1.0
2025-10-17 19:27:16,487 [WARN] PackLoader:240 - Cannot read IP mode file for STMicroelectronics.X-CUBE-EEPRMA1.5.2.0
2025-10-17 19:27:16,489 [ERROR] Engine:466 - C:\Users\aytahiru\.stm32cubemx\thirdparties\pdsc\STMicroelectronics.X-CUBE-ST67W61.1.1.0.pdsc: PDSC version is not supported
2025-10-17 19:27:16,491 [WARN] PackLoader:240 - Cannot read IP mode file for STMicroelectronics.X-CUBE-AI.10.1.0
2025-10-17 19:27:16,511 [WARN] PackLoader:240 - Cannot read IP mode file for STMicroelectronics.X-CUBE-MEMS1.11.2.0
2025-10-17 19:27:16,557 [WARN] PackLoader:240 - Cannot read IP mode file for STMicroelectronics.X-CUBE-AZRTOS-G0.1.1.0
2025-10-17 19:27:16,560 [WARN] PackLoader:240 - Cannot read IP mode file for STMicroelectronics.X-CUBE-SAFEA1.1.2.2
2025-10-17 19:27:16,564 [WARN] PackLoader:240 - Cannot read IP mode file for STMicroelectronics.X-CUBE-NFC4.3.0.0
2025-10-17 19:27:16,566 [WARN] PackLoader:240 - Cannot read IP mode file for wolfSSL.I-CUBE-wolfMQTT.1.18.0
2025-10-17 19:27:16,570 [WARN] PackLoader:240 - Cannot read IP mode file for EmbeddedOffice.I-CUBE-FS-RTOS.1.0.1
2025-10-17 19:27:16,571 [ERROR] ConditionMgr:805 - Attr not supported : Dmpu
2025-10-17 19:27:16,571 [ERROR] ConditionMgr:805 - Attr not supported : Dmpu
2025-10-17 19:27:16,571 [ERROR] ConditionMgr:805 - Attr not supported : Dmpu
2025-10-17 19:27:16,571 [ERROR] ConditionMgr:805 - Attr not supported : Dmpu
2025-10-17 19:27:16,571 [ERROR] ConditionMgr:805 - Attr not supported : Dmpu
2025-10-17 19:27:16,571 [ERROR] ConditionMgr:805 - Attr not supported : Dmpu
2025-10-17 19:27:16,571 [ERROR] ConditionMgr:805 - Attr not supported : Dmpu
2025-10-17 19:27:16,571 [ERROR] ConditionMgr:805 - Attr not supported : Dmpu
2025-10-17 19:27:16,571 [ERROR] ConditionMgr:805 - Attr not supported : Dmpu
2025-10-17 19:27:16,571 [ERROR] ConditionMgr:805 - Attr not supported : Dmpu
2025-10-17 19:27:16,571 [ERROR] ConditionMgr:805 - Attr not supported : Dmpu
2025-10-17 19:27:16,571 [ERROR] ConditionMgr:805 - Attr not supported : Dmpu
2025-10-17 19:27:16,571 [ERROR] ConditionMgr:805 - Attr not supported : Dmpu
2025-10-17 19:27:16,571 [ERROR] ConditionMgr:805 - Attr not supported : Dmpu
2025-10-17 19:27:16,571 [ERROR] ConditionMgr:805 - Attr not supported : Dmpu
2025-10-17 19:27:16,571 [ERROR] ConditionMgr:805 - Attr not supported : Dmpu
2025-10-17 19:27:16,571 [ERROR] ConditionMgr:805 - Attr not supported : Dmpu
2025-10-17 19:27:16,571 [ERROR] ConditionMgr:805 - Attr not supported : Dmpu
2025-10-17 19:27:16,571 [ERROR] ConditionMgr:805 - Attr not supported : Dmpu
2025-10-17 19:27:16,571 [ERROR] ConditionMgr:805 - Attr not supported : Dmpu
2025-10-17 19:27:16,571 [ERROR] ConditionMgr:805 - Attr not supported : Dmpu
2025-10-17 19:27:16,571 [ERROR] ConditionMgr:805 - Attr not supported : Dmpu
2025-10-17 19:27:16,571 [ERROR] ConditionMgr:805 - Attr not supported : Dmpu
2025-10-17 19:27:16,571 [ERROR] ConditionMgr:805 - Attr not supported : Dmpu
2025-10-17 19:27:16,571 [ERROR] ConditionMgr:805 - Attr not supported : Dmpu
2025-10-17 19:27:16,571 [ERROR] ConditionMgr:805 - Attr not supported : Dmpu
2025-10-17 19:27:16,571 [ERROR] ConditionMgr:805 - Attr not supported : Dmpu
2025-10-17 19:27:16,571 [ERROR] ConditionMgr:805 - Attr not supported : Dmpu
2025-10-17 19:27:16,571 [ERROR] ConditionMgr:805 - Attr not supported : Dmpu
2025-10-17 19:27:16,571 [ERROR] ConditionMgr:805 - Attr not supported : Dmpu
2025-10-17 19:27:16,571 [ERROR] ConditionMgr:805 - Attr not supported : Dmpu
2025-10-17 19:27:16,571 [ERROR] ConditionMgr:805 - Attr not supported : Dmpu
2025-10-17 19:27:16,571 [ERROR] ConditionMgr:805 - Attr not supported : Dmpu
2025-10-17 19:27:16,571 [ERROR] ConditionMgr:805 - Attr not supported : Dmpu
2025-10-17 19:27:16,571 [ERROR] ConditionMgr:805 - Attr not supported : Dmpu
2025-10-17 19:27:16,571 [ERROR] ConditionMgr:805 - Attr not supported : Dmpu
2025-10-17 19:27:16,571 [ERROR] ConditionMgr:805 - Attr not supported : Dmpu
2025-10-17 19:27:16,571 [ERROR] ConditionMgr:805 - Attr not supported : Dmpu
2025-10-17 19:27:16,572 [ERROR] ConditionMgr:805 - Attr not supported : Dmpu
2025-10-17 19:27:16,572 [ERROR] ConditionMgr:805 - Attr not supported : Dmpu
2025-10-17 19:27:16,572 [ERROR] ConditionMgr:805 - Attr not supported : Dmpu
2025-10-17 19:27:16,572 [ERROR] ConditionMgr:805 - Attr not supported : Dmpu
2025-10-17 19:27:16,572 [ERROR] ConditionMgr:805 - Attr not supported : Dmpu
2025-10-17 19:27:16,572 [ERROR] ConditionMgr:805 - Attr not supported : Dmpu
2025-10-17 19:27:16,572 [ERROR] ConditionMgr:805 - Attr not supported : Dmpu
2025-10-17 19:27:16,572 [ERROR] ConditionMgr:805 - Attr not supported : Dmpu
2025-10-17 19:27:16,572 [ERROR] ConditionMgr:805 - Attr not supported : Dmpu
2025-10-17 19:27:16,572 [ERROR] ConditionMgr:805 - Attr not supported : Dmpu
2025-10-17 19:27:16,572 [ERROR] ConditionMgr:805 - Attr not supported : Dmpu
2025-10-17 19:27:16,572 [ERROR] ConditionMgr:805 - Attr not supported : Dmpu
2025-10-17 19:27:16,572 [ERROR] ConditionMgr:805 - Attr not supported : Dmpu
2025-10-17 19:27:16,572 [ERROR] ConditionMgr:805 - Attr not supported : Dmpu
2025-10-17 19:27:16,572 [ERROR] ConditionMgr:805 - Attr not supported : Dmpu
2025-10-17 19:27:16,572 [ERROR] ConditionMgr:805 - Attr not supported : Dmpu
2025-10-17 19:27:16,572 [ERROR] ConditionMgr:805 - Attr not supported : Dmpu
2025-10-17 19:27:16,572 [ERROR] ConditionMgr:805 - Attr not supported : Dmpu
2025-10-17 19:27:16,572 [ERROR] ConditionMgr:805 - Attr not supported : Dmpu
2025-10-17 19:27:16,572 [ERROR] ConditionMgr:805 - Attr not supported : Dmpu
2025-10-17 19:27:16,572 [ERROR] ConditionMgr:805 - Attr not supported : Dmpu
2025-10-17 19:27:16,572 [ERROR] ConditionMgr:805 - Attr not supported : Dmpu
2025-10-17 19:27:16,572 [ERROR] ConditionMgr:805 - Attr not supported : Dmpu
2025-10-17 19:27:16,572 [ERROR] ConditionMgr:805 - Attr not supported : Dmpu
2025-10-17 19:27:16,572 [ERROR] ConditionMgr:805 - Attr not supported : Dmpu
2025-10-17 19:27:16,572 [ERROR] ConditionMgr:805 - Attr not supported : Dmpu
2025-10-17 19:27:16,574 [WARN] PackLoader:240 - Cannot read IP mode file for STMicroelectronics.X-CUBE-WB05N.2.0.0
2025-10-17 19:27:16,576 [ERROR] Engine:466 - C:\Users\aytahiru\.stm32cubemx\thirdparties\pdsc\STMicroelectronics.X-CUBE-TCPP.4.2.0.pdsc: PDSC version is not supported
2025-10-17 19:27:16,579 [WARN] PackLoader:240 - Cannot read IP mode file for RealThread.X-CUBE-RT-Thread_Nano.4.1.1
2025-10-17 19:27:16,581 [WARN] PackLoader:240 - Cannot read IP mode file for wolfSSL.I-CUBE-wolfSSL.5.7.0
2025-10-17 19:27:16,583 [WARN] PackLoader:240 - Cannot read IP mode file for STMicroelectronics.FP-ATR-SIGFOX1.3.2.0
2025-10-17 19:27:16,585 [WARN] ConditionMgr:438 - getConditionDescription Invalid condition id : Cortex-A Device cause : null
2025-10-17 19:27:16,596 [WARN] ConditionMgr:1039 - genDependencies : Invalid condition id : Cortex-A Device cause : null
2025-10-17 19:27:16,597 [WARN] ConditionMgr:1039 - genDependencies : Invalid condition id : Cortex-A Device cause : null
2025-10-17 19:27:16,597 [WARN] ConditionMgr:1039 - genDependencies : Invalid condition id : Cortex-A Device cause : null
2025-10-17 19:27:16,599 [WARN] PackLoader:240 - Cannot read IP mode file for STMicroelectronics.X-CUBE-EEPRMA1.5.1.0
2025-10-17 19:27:16,602 [WARN] PackLoader:240 - Cannot read IP mode file for ITTIA_DB.I-CUBE-ITTIADB.8.9.0
2025-10-17 19:27:16,606 [ERROR] Engine:466 - C:\Users\aytahiru\.stm32cubemx\thirdparties\pdsc\STMicroelectronics.X-CUBE-ST67W61.1.0.0.pdsc: PDSC version is not supported
2025-10-17 19:27:16,608 [WARN] PackLoader:240 - Cannot read IP mode file for STMicroelectronics.X-CUBE-AI.10.2.0
2025-10-17 19:27:16,620 [WARN] PackLoader:240 - Cannot read IP mode file for SEGGER.I-CUBE-embOS.1.3.1
2025-10-17 19:27:16,638 [WARN] PackLoader:240 - Cannot read IP mode file for STMicroelectronics.X-CUBE-ALGOBUILD.1.4.0
2025-10-17 19:27:16,655 [WARN] PackLoader:240 - Cannot read IP mode file for STMicroelectronics.X-CUBE-MEMS1.11.3.0
2025-10-17 19:27:16,714 [WARN] PackLoader:240 - Cannot read IP mode file for STMicroelectronics.X-CUBE-AI.9.1.0
2025-10-17 19:27:16,716 [WARN] PackLoader:240 - Cannot read IP mode file for STMicroelectronics.X-CUBE-PM33A1.1.0.0
2025-10-17 19:27:16,719 [WARN] PackLoader:240 - Cannot read IP mode file for STMicroelectronics.X-CUBE-GNSS1.6.0.0
2025-10-17 19:27:16,725 [WARN] PackLoader:240 - Cannot read IP mode file for STMicroelectronics.X-CUBE-AZRTOS-F4.1.1.0
2025-10-17 19:27:16,728 [ERROR] Engine:466 - C:\Users\aytahiru\.stm32cubemx\thirdparties\pdsc\Avnet-IotConnect.X-CUBE-IoTC-DA16k-PMOD.1.0.0.pdsc: PDSC version is not supported
2025-10-17 19:27:16,730 [WARN] PackLoader:240 - Cannot read IP mode file for STMicroelectronics.X-CUBE-ISPU.2.1.0
2025-10-17 19:27:16,732 [ERROR] Engine:466 - C:\Users\aytahiru\.stm32cubemx\thirdparties\pdsc\STMicroelectronics.X-CUBE-IPS.3.2.0.pdsc: PDSC version is not supported
2025-10-17 19:27:16,734 [WARN] PackLoader:240 - Cannot read IP mode file for STMicroelectronics.X-CUBE-FREERTOS.1.2.0
2025-10-17 19:27:16,737 [WARN] PackLoader:240 - Cannot read IP mode file for STMicroelectronics.X-CUBE-NFC12.1.0.0
2025-10-17 19:27:16,745 [WARN] PackLoader:240 - Cannot read IP mode file for STMicroelectronics.X-CUBE-AZRTOS-L5.2.0.0
2025-10-17 19:27:16,749 [WARN] PackLoader:240 - Cannot read IP mode file for STMicroelectronics.X-CUBE-NFC6.3.1.0
2025-10-17 19:27:16,753 [WARN] PackLoader:240 - Cannot read IP mode file for STMicroelectronics.X-CUBE-DPower.1.2.0
2025-10-17 19:27:16,755 [WARN] PackLoader:240 - Cannot read IP mode file for STMicroelectronics.X-CUBE-AI.9.0.0
2025-10-17 19:27:16,757 [WARN] PackLoader:240 - Cannot read IP mode file for STMicroelectronics.X-CUBE-FREERTOS.1.3.1
2025-10-17 19:27:16,760 [WARN] PackLoader:240 - Cannot read IP mode file for STMicroelectronics.X-CUBE-FREERTOS.1.3.0
2025-10-17 19:27:16,762 [WARN] PackLoader:240 - Cannot read IP mode file for STMicroelectronics.X-CUBE-NFC7.1.0.1
2025-10-17 19:27:16,765 [WARN] PackLoader:240 - Cannot read IP mode file for wolfSSL.I-CUBE-wolfTPM.3.2.0
2025-10-17 19:27:16,766 [WARN] PackLoader:240 - Cannot read IP mode file for STMicroelectronics.X-CUBE-TOUCHGFX.4.26.0
2025-10-17 19:27:16,768 [ERROR] Engine:466 - C:\Users\aytahiru\.stm32cubemx\thirdparties\pdsc\STMicroelectronics.FP-SNS-STAIOTCFT.1.0.0.pdsc: PDSC version is not supported
2025-10-17 19:27:16,770 [WARN] PackLoader:240 - Cannot read IP mode file for STMicroelectronics.X-CUBE-DPower.1.3.0
2025-10-17 19:27:16,778 [WARN] ConditionMgr:438 - getConditionDescription Invalid condition id : LAN8742 Phy interface Condition cause : null
2025-10-17 19:27:16,778 [WARN] PackLoader:240 - Cannot read IP mode file for STMicroelectronics.X-CUBE-AZRTOS-L4.2.0.0
2025-10-17 19:27:16,779 [WARN] ConditionMgr:1039 - genDependencies : Invalid condition id : LAN8742 Phy interface Condition cause : null
2025-10-17 19:27:16,779 [WARN] ConditionMgr:1039 - genDependencies : Invalid condition id : LAN8742 Phy interface Condition cause : null
2025-10-17 19:27:16,779 [WARN] ConditionMgr:1039 - genDependencies : Invalid condition id : LAN8742 Phy interface Condition cause : null
2025-10-17 19:27:16,784 [WARN] PackLoader:240 - Cannot read IP mode file for STMicroelectronics.X-CUBE-SFXS2LP1.4.0.0
2025-10-17 19:27:16,796 [WARN] PackLoader:240 - Cannot read IP mode file for STMicroelectronics.X-CUBE-AZRTOS-H7.3.3.0
2025-10-17 19:27:16,800 [ERROR] Engine:466 - C:\Users\aytahiru\.stm32cubemx\thirdparties\pdsc\STMicroelectronics.X-CUBE-BLEMGR.4.1.0.pdsc: PDSC version is not supported
2025-10-17 19:27:16,818 [WARN] PackLoader:240 - Cannot read IP mode file for STMicroelectronics.X-CUBE-IPS.3.0.0
2025-10-17 19:27:16,832 [WARN] ConditionMgr:438 - getConditionDescription Invalid condition id : UX DEVICE CLASS RTOS Condition cause : null
2025-10-17 19:27:16,832 [WARN] ConditionMgr:438 - getConditionDescription Invalid condition id : UX DEVICE CLASS RTOS Condition cause : null
2025-10-17 19:27:16,833 [WARN] PackLoader:240 - Cannot read IP mode file for STMicroelectronics.X-CUBE-AZRTOS-WB.2.0.0
2025-10-17 19:27:16,833 [WARN] ConditionMgr:1039 - genDependencies : Invalid condition id : UX DEVICE CLASS RTOS Condition cause : null
2025-10-17 19:27:16,833 [WARN] ConditionMgr:1039 - genDependencies : Invalid condition id : UX DEVICE CLASS RTOS Condition cause : null
2025-10-17 19:27:16,833 [WARN] ConditionMgr:1039 - genDependencies : Invalid condition id : UX DEVICE CLASS RTOS Condition cause : null
2025-10-17 19:27:16,833 [WARN] ConditionMgr:1039 - genDependencies : Invalid condition id : UX DEVICE CLASS RTOS Condition cause : null
2025-10-17 19:27:16,833 [WARN] ConditionMgr:1039 - genDependencies : Invalid condition id : UX DEVICE CLASS RTOS Condition cause : null
2025-10-17 19:27:16,836 [WARN] PackLoader:240 - Cannot read IP mode file for STMicroelectronics.X-CUBE-GNSS1.7.0.0
2025-10-17 19:27:16,839 [WARN] PackLoader:240 - Cannot read IP mode file for STMicroelectronics.X-CUBE-GNSS1.7.0.1
2025-10-17 19:27:16,841 [WARN] PackLoader:240 - Cannot read IP mode file for STMicroelectronics.X-CUBE-TOUCHGFX.4.25.0
2025-10-17 19:27:16,844 [WARN] PackLoader:240 - Cannot read IP mode file for STMicroelectronics.FP-SNS-STBOX1.2.0.0
2025-10-17 19:27:16,849 [WARN] PackLoader:240 - Cannot read IP mode file for STMicroelectronics.X-CUBE-SUBG2.5.0.0
2025-10-17 19:27:16,858 [WARN] PackLoader:240 - Cannot read IP mode file for STMicroelectronics.X-CUBE-AZRTOS-H7RS.1.1.0
2025-10-17 19:27:16,863 [WARN] PackLoader:240 - Cannot read IP mode file for Cesanta.I-CUBE-Mongoose.7.13.0
2025-10-17 19:27:16,868 [WARN] PackLoader:240 - Cannot read IP mode file for STMicroelectronics.X-CUBE-AZRTOS-G4.2.0.0
2025-10-17 19:27:16,871 [WARN] PackLoader:240 - Cannot read IP mode file for STMicroelectronics.X-CUBE-NFC7.2.0.0
2025-10-17 19:27:16,873 [WARN] PackLoader:240 - Cannot read IP mode file for STMicroelectronics.X-CUBE-ISPU.2.0.0
2025-10-17 19:27:16,875 [ERROR] Engine:466 - C:\Users\aytahiru\.stm32cubemx\thirdparties\pdsc\STMicroelectronics.X-CUBE-IPS.3.1.0.pdsc: PDSC version is not supported
2025-10-17 19:27:16,878 [WARN] PackLoader:240 - Cannot read IP mode file for STMicroelectronics.X-CUBE-ALS.1.0.2
2025-10-17 19:27:16,892 [WARN] PackLoader:240 - Cannot read IP mode file for STMicroelectronics.X-CUBE-MEMS1.10.0.0
2025-10-17 19:27:16,944 [WARN] PackLoader:240 - Cannot read IP mode file for STMicroelectronics.X-CUBE-TOUCHGFX.4.24.0
2025-10-17 19:27:16,946 [WARN] PackLoader:240 - Cannot read IP mode file for STMicroelectronics.X-CUBE-TOUCHGFX.4.24.2
2025-10-17 19:27:16,947 [WARN] PackLoader:240 - Cannot read IP mode file for STMicroelectronics.X-CUBE-TOUCHGFX.4.24.1
2025-10-17 19:27:16,950 [WARN] PackLoader:240 - Cannot read IP mode file for STMicroelectronics.X-CUBE-STSE01.1.0.0
2025-10-17 19:27:16,952 [WARN] PackLoader:240 - Cannot read IP mode file for portGmbH.I-Cube-SoM-uGOAL.1.1.0
2025-10-17 19:27:16,959 [WARN] PackLoader:240 - Cannot read IP mode file for STMicroelectronics.X-CUBE-AZRTOS-H7RS.1.0.0
2025-10-17 19:27:16,962 [WARN] PackLoader:240 - Cannot read IP mode file for STMicroelectronics.FP-ATR-ASTRA1.2.0.0
2025-10-17 19:27:16,966 [WARN] PackLoader:240 - Cannot read IP mode file for STMicroelectronics.X-CUBE-TOF1.3.4.2
2025-10-17 19:27:16,973 [ERROR] Engine:466 - C:\Users\aytahiru\.stm32cubemx\thirdparties\pdsc\STMicroelectronics.X-CUBE-TOF1.3.4.3.pdsc: PDSC version is not supported
2025-10-17 19:27:16,977 [WARN] PackLoader:240 - Cannot read IP mode file for STMicroelectronics.X-CUBE-TOF1.3.4.1
2025-10-17 19:27:16,994 [WARN] PackLoader:240 - Cannot read IP mode file for STMicroelectronics.X-CUBE-AZRTOS-H7.3.2.0
2025-10-17 19:27:17,009 [WARN] PackLoader:240 - Cannot read IP mode file for Infineon.AIROC-Wi-Fi-Bluetooth-STM32.1.6.0
2025-10-17 19:27:17,013 [WARN] PackLoader:240 - Cannot read IP mode file for wolfSSL.I-CUBE-wolfSSH.1.4.17
2025-10-17 19:27:17,014 [INFO] ThirdParty:978 - Integrity check success = true
2025-10-17 19:27:17,014 [INFO] IntegrityCheckThread:100 - exiting critical section [integrity check]
2025-10-17 19:27:17,015 [INFO] IntegrityCheckThread:103 - End integrity checks thread
2025-10-17 19:27:19,635 [INFO] WebApp:161 - Instantiating new browser for Auth
2025-10-17 19:27:19,991 [INFO] WebApp:779 - Register for checkConnection events
2025-10-17 19:27:19,991 [INFO] WebApp:414 - Apply proxy settings
2025-10-17 19:27:19,991 [INFO] WebApp:499 - Chromium requires no authentication
2025-10-17 19:27:19,998 [INFO] WebApp:442 - Direct internet connection detected
2025-10-17 19:27:20,104 [INFO] WebApp:192 - Starting web application
2025-10-17 19:27:20,104 [INFO] WebApp:544 - Web application path used C:\ST\STM32CubeIDE_1.15.1\STM32CubeIDE\plugins\com.st.stm32cube.common.mx_6.11.1.202404110753\db\plugins\mcufinder\reactClient1\index.html
